Component: ARM Compiler 5.06 update 6 (build 750) Tool: armlink [4d35ed]

==============================================================================

Section Cross References

    main.o(i.main) refers to misc_1.o(i.NVIC_PriorityGroupConfig) for NVIC_PriorityGroupConfig
    main.o(i.main) refers to system_stm32f10x.o(i.SystemInit) for SystemInit
    main.o(i.main) refers to delay_1.o(i.Delay_Init) for Delay_Init
    main.o(i.main) refers to i2c.o(i.I2C_InitSoft) for I2C_InitSoft
    main.o(i.main) refers to i2c_lcd.o(i.LCD_Init) for LCD_Init
    main.o(i.main) refers to i2c_lcd.o(i.LCD_Backlight) for LCD_Backlight
    main.o(i.main) refers to key.o(i.Key_Init) for Key_Init
    main.o(i.main) refers to buzzer.o(i.Buzzer_Init) for Buzzer_Init
    main.o(i.main) refers to servo.o(i.Servo_Init) for Servo_Init
    main.o(i.main) refers to password.o(i.Password_Init) for Password_Init
    main.o(i.main) refers to power.o(i.vPower_Init) for vPower_Init
    main.o(i.main) refers to tasks.o(i.xTaskCreate) for xTaskCreate
    main.o(i.main) refers to tasks.o(i.vTaskStartScheduler) for vTaskStartScheduler
    main.o(i.main) refers to door.o(i.Door_Task) for Door_Task
    main.o(i.main) refers to key.o(i.Key_Task) for Key_Task
    main.o(i.main) refers to buzzer.o(i.Buzzer_Task) for Buzzer_Task
    main.o(i.main) refers to power.o(i.vPower_Task) for vPower_Task
    event_groups.o(i.vEventGroupClearBitsCallback) refers to event_groups.o(i.xEventGroupClearBits) for xEventGroupClearBits
    event_groups.o(i.vEventGroupDelete) refers to tasks.o(i.vTaskSuspendAll) for vTaskSuspendAll
    event_groups.o(i.vEventGroupDelete) refers to tasks.o(i.vTaskRemoveFromUnorderedEventList) for vTaskRemoveFromUnorderedEventList
    event_groups.o(i.vEventGroupDelete) refers to tasks.o(i.xTaskResumeAll) for xTaskResumeAll
    event_groups.o(i.vEventGroupDelete) refers to heap_4.o(i.vPortFree) for vPortFree
    event_groups.o(i.vEventGroupSetBitsCallback) refers to event_groups.o(i.xEventGroupSetBits) for xEventGroupSetBits
    event_groups.o(i.xEventGroupClearBits) refers to port.o(i.vPortEnterCritical) for vPortEnterCritical
    event_groups.o(i.xEventGroupClearBits) refers to port.o(i.vPortExitCritical) for vPortExitCritical
    event_groups.o(i.xEventGroupCreate) refers to heap_4.o(i.pvPortMalloc) for pvPortMalloc
    event_groups.o(i.xEventGroupCreate) refers to list.o(i.vListInitialise) for vListInitialise
    event_groups.o(i.xEventGroupSetBits) refers to tasks.o(i.vTaskSuspendAll) for vTaskSuspendAll
    event_groups.o(i.xEventGroupSetBits) refers to tasks.o(i.vTaskRemoveFromUnorderedEventList) for vTaskRemoveFromUnorderedEventList
    event_groups.o(i.xEventGroupSetBits) refers to tasks.o(i.xTaskResumeAll) for xTaskResumeAll
    event_groups.o(i.xEventGroupSync) refers to tasks.o(i.xTaskGetSchedulerState) for xTaskGetSchedulerState
    event_groups.o(i.xEventGroupSync) refers to tasks.o(i.vTaskSuspendAll) for vTaskSuspendAll
    event_groups.o(i.xEventGroupSync) refers to event_groups.o(i.xEventGroupSetBits) for xEventGroupSetBits
    event_groups.o(i.xEventGroupSync) refers to tasks.o(i.vTaskPlaceOnUnorderedEventList) for vTaskPlaceOnUnorderedEventList
    event_groups.o(i.xEventGroupSync) refers to tasks.o(i.xTaskResumeAll) for xTaskResumeAll
    event_groups.o(i.xEventGroupSync) refers to tasks.o(i.uxTaskResetEventItemValue) for uxTaskResetEventItemValue
    event_groups.o(i.xEventGroupSync) refers to port.o(i.vPortEnterCritical) for vPortEnterCritical
    event_groups.o(i.xEventGroupSync) refers to port.o(i.vPortExitCritical) for vPortExitCritical
    event_groups.o(i.xEventGroupWaitBits) refers to tasks.o(i.xTaskGetSchedulerState) for xTaskGetSchedulerState
    event_groups.o(i.xEventGroupWaitBits) refers to tasks.o(i.vTaskSuspendAll) for vTaskSuspendAll
    event_groups.o(i.xEventGroupWaitBits) refers to event_groups.o(i.prvTestWaitCondition) for prvTestWaitCondition
    event_groups.o(i.xEventGroupWaitBits) refers to tasks.o(i.vTaskPlaceOnUnorderedEventList) for vTaskPlaceOnUnorderedEventList
    event_groups.o(i.xEventGroupWaitBits) refers to tasks.o(i.xTaskResumeAll) for xTaskResumeAll
    event_groups.o(i.xEventGroupWaitBits) refers to tasks.o(i.uxTaskResetEventItemValue) for uxTaskResetEventItemValue
    event_groups.o(i.xEventGroupWaitBits) refers to port.o(i.vPortEnterCritical) for vPortEnterCritical
    event_groups.o(i.xEventGroupWaitBits) refers to port.o(i.vPortExitCritical) for vPortExitCritical
    queue.o(i.pcQueueGetName) refers to queue.o(.bss) for .bss
    queue.o(i.prvCopyDataFromQueue) refers to rt_memcpy_v6.o(.text) for __aeabi_memcpy
    queue.o(i.prvCopyDataToQueue) refers to rt_memcpy_v6.o(.text) for __aeabi_memcpy
    queue.o(i.prvCopyDataToQueue) refers to tasks.o(i.xTaskPriorityDisinherit) for xTaskPriorityDisinherit
    queue.o(i.prvInitialiseMutex) refers to queue.o(i.xQueueGenericSend) for xQueueGenericSend
[...]
    .ARM.Collect$$libinit$$0000001F          0x0800016c   Section        0  libinit2.o(.ARM.Collect$$libinit$$0000001F)
    .ARM.Collect$$libinit$$00000021          0x0800016c   Section        0  libinit2.o(.ARM.Collect$$libinit$$00000021)
    .ARM.Collect$$libinit$$00000023          0x0800016c   Section        0  libinit2.o(.ARM.Collect$$libinit$$00000023)
    .ARM.Collect$$libinit$$00000025          0x0800016c   Section        0  libinit2.o(.ARM.Collect$$libinit$$00000025)
    .ARM.Collect$$libinit$$0000002C          0x0800016c   Section        0  libinit2.o(.ARM.Collect$$libinit$$0000002C)
    .ARM.Collect$$libinit$$0000002E          0x0800016c   Section        0  libinit2.o(.ARM.Collect$$libinit$$0000002E)
    .ARM.Collect$$libinit$$00000030          0x0800016c   Section        0  libinit2.o(.ARM.Collect$$libinit$$00000030)
    .ARM.Collect$$libinit$$00000032          0x0800016c   Section        0  libinit2.o(.ARM.Collect$$libinit$$00000032)
    .ARM.Collect$$libinit$$00000033          0x0800016c   Section        2  libinit2.o(.ARM.Collect$$libinit$$00000033)
    .ARM.Collect$$libshutdown$$00000000      0x0800016e   Section        2  libshutdown.o(.ARM.Collect$$libshutdown$$00000000)
    .ARM.Collect$$libshutdown$$00000002      0x08000170   Section        0  libshutdown2.o(.ARM.Collect$$libshutdown$$00000002)
    .ARM.Collect$$libshutdown$$00000004      0x08000170   Section        0  libshutdown2.o(.ARM.Collect$$libshutdown$$00000004)
    .ARM.Collect$$libshutdown$$00000007      0x08000170   Section        0  libshutdown2.o(.ARM.Collect$$libshutdown$$00000007)
    .ARM.Collect$$libshutdown$$0000000A      0x08000170   Section        0  libshutdown2.o(.ARM.Collect$$libshutdown$$0000000A)
    .ARM.Collect$$libshutdown$$0000000C      0x08000170   Section        0  libshutdown2.o(.ARM.Collect$$libshutdown$$0000000C)
    .ARM.Collect$$libshutdown$$0000000F      0x08000170   Section        0  libshutdown2.o(.ARM.Collect$$libshutdown$$0000000F)
    .ARM.Collect$$libshutdown$$00000010      0x08000170   Section        2  libshutdown2.o(.ARM.Collect$$libshutdown$$00000010)
    .ARM.Collect$$rtentry$$00000000          0x08000172   Section        0  __rtentry.o(.ARM.Collect$$rtentry$$00000000)
    .ARM.Collect$$rtentry$$00000002          0x08000172   Section        0  __rtentry2.o(.ARM.Collect$$rtentry$$00000002)
    .ARM.Collect$$rtentry$$00000004          0x08000172   Section        6  __rtentry4.o(.ARM.Collect$$rtentry$$00000004)
    .ARM.Collect$$rtentry$$00000009          0x08000178   Section        0  __rtentry2.o(.ARM.Collect$$rtentry$$00000009)
    .ARM.Collect$$rtentry$$0000000A          0x08000178   Section        4  __rtentry2.o(.ARM.Collect$$rtentry$$0000000A)
    .ARM.Collect$$rtentry$$0000000C          0x0800017c   Section        0  __rtentry2.o(.ARM.Collect$$rtentry$$0000000C)
    .ARM.Collect$$rtentry$$0000000D          0x0800017c   Section        8  __rtentry2.o(.ARM.Collect$$rtentry$$0000000D)
    .ARM.Collect$$rtexit$$00000000           0x08000184   Section        2  rtexit.o(.ARM.Collect$$rtexit$$00000000)
    .ARM.Collect$$rtexit$$00000002           0x08000186   Section        0  rtexit2.o(.ARM.Collect$$rtexit$$00000002)
    .ARM.Collect$$rtexit$$00000003           0x08000186   Section        4  rtexit2.o(.ARM.Collect$$rtexit$$00000003)
    .ARM.Collect$$rtexit$$00000004           0x0800018a   Section        6  rtexit2.o(.ARM.Collect$$rtexit$$00000004)
    .emb_text                                0x08000190   Section      150  port.o(.emb_text)
    .text                                    0x08000228   Section       64  startup_stm32f10x_md.o(.text)
    .text                                    0x08000268   Section      238  lludivv7m.o(.text)
    .text                                    0x08000358   Section        0  noretval__2sprintf.o(.text)
    .text                                    0x08000380   Section        0  __printf.o(.text)
    .text                                    0x080003e8   Section        0  _printf_dec.o(.text)
    .text                                    0x08000460   Section        0  strlen.o(.text)
    .text                                    0x0800049e   Section        0  strncmp.o(.text)
    .text                                    0x08000534   Section      138  rt_memcpy_v6.o(.text)
    .text                                    0x080005be   Section       16  aeabi_memset.o(.text)
    .text                                    0x080005ce   Section       68  rt_memclr.o(.text)
    .text                                    0x08000612   Section       78  rt_memclr_w.o(.text)
    .text                                    0x08000660   Section       86  strncpy.o(.text)
    .text                                    0x080006b6   Section        0  heapauxi.o(.text)
    .text                                    0x080006bc   Section        0  _printf_intcommon.o(.text)
    .text                                    0x08000770   Section        0  _printf_char_common.o(.text)
    _printf_input_char                       0x08000771   Thumb Code    10  _printf_char_common.o(.text)
    .text                                    0x080007a0   Section        0  _sputc.o(.text)
    .text                                    0x080007aa   Section      100  rt_memcpy_w.o(.text)
    .text                                    0x0800080e   Section       74  sys_stackheap_outer.o(.text)
    .text                                    0x08000858   Section        0  exit.o(.text)
    .text                                    0x0800086c   Section        8  libspace.o(.text)
    .text                                    0x08000874   Section        0  sys_exit.o(.text)
    .text                                    0x08000880   Section        2  use_no_semi.o(.text)
    .text                                    0x08000882   Section        0  indicate_semi.o(.text)
    i.Buzzer_Init                            0x08000884   Section        0  buzzer.o(i.Buzzer_Init)
    i.Buzzer_Play                            0x080008c4   Section        0  buzzer.o(i.Buzzer_Play)
    i.Buzzer_Task                            0x080008e0   Section        0  buzzer.o(i.Buzzer_Task)
    i.Delay                                  0x08000938   Section        0  delay_1.o(i.Delay)
    i.Delay_Init                             0x08000964   Section        0  delay_1.o(i.Delay_Init)
    i.Delay_Ms                               0x080009a0   Section        0  delay_1.o(i.Delay_Ms)
    i.Delay_Us                               0x080009b8   Section        0  delay_1.o(i.Delay_Us)
    i.Door_Task                              0x080009d0   Section        0  door.o(i.Door_Task)
    i.EXTI9_5_IRQHandler                     0x08000d10   Section        0  power.o(i.EXTI9_5_IRQHandler)
    i.EXTI_ClearITPendingBit                 0x08000d2c   Section        0  stm32f10x_exti.o(i.EXTI_ClearITPendingBit)
    i.EXTI_GetITStatus                       0x08000d38   Section        0  stm32f10x_exti.o(i.EXTI_GetITStatus)
    i.EXTI_Init                              0x08000d58   Section        0  stm32f10x_exti.o(i.EXTI_Init)
    i.GPIO_EXTILineConfig                    0x08000dcc   Section        0  stm32f10x_gpio_1.o(i.GPIO_EXTILineConfig)
    i.GPIO_Init                              0x08000df4   Section        0  stm32f10x_gpio_1.o(i.GPIO_Init)
    i.GPIO_ReadInputDataBit                  0x08000e9a   Section        0  stm32f10x_gpio_1.o(i.GPIO_ReadInputDataBit)
    i.GPIO_ResetBits                         0x08000ea8   Section        0  stm32f10x_gpio_1.o(i.GPIO_ResetBits)
    i.GPIO_SetBits                           0x08000eac   Section        0  stm32f10x_gpio_1.o(i.GPIO_SetBits)
    i.I2C_InitSoft                           0x08000eb0   Section        0  i2c.o(i.I2C_InitSoft)
    i.I2C_Start                              0x08000efc   Section        0  i2c.o(i.I2C_Start)
    I2C_Start                                0x08000efd   Thumb Code    56  i2c.o(i.I2C_Start)
    i.I2C_Stop                               0x08000f38   Section        0  i2c.o(i.I2C_Stop)
    I2C_Stop                                 0x08000f39   Thumb Code    48  i2c.o(i.I2C_Stop)
    i.I2C_WriteByteRaw                       0x08000f6c   Section        0  i2c.o(i.I2C_WriteByteRaw)
    I2C_WriteByteRaw                         0x08000f6d   Thumb Code   138  i2c.o(i.I2C_WriteByteRaw)
    i.I2C_WriteByteTo                        0x08000ffc   Section        0  i2c.o(i.I2C_WriteByteTo)
    i.Key_Init                               0x08001044   Section        0  key.o(i.Key_Init)
    i.Key_Task                               0x080010f4   Section        0  key.o(i.Key_Task)
    i.LCD_Backlight                          0x080011a0   Section        0  i2c_lcd.o(i.LCD_Backlight)
    i.LCD_Clear                              0x080011b8   Section        0  i2c_lcd.o(i.LCD_Clear)
    i.LCD_Init                               0x080011ca   Section        0  i2c_lcd.o(i.LCD_Init)
    i.LCD_Print                              0x0800120a   Section        0  i2c_lcd.o(i.LCD_Print)
    i.LCD_PrintCenter                        0x0800121e   Section        0  i2c_lcd.o(i.LCD_PrintCenter)
    i.LCD_PrintNumber                        0x08001250   Section        0  i2c_lcd.o(i.LCD_PrintNumber)
    i.LCD_SendCmd                            0x08001268   Section        0  i2c_lcd.o(i.LCD_SendCmd)
    LCD_SendCmd                              0x08001269   Thumb Code    26  i2c_lcd.o(i.LCD_SendCmd)
    i.LCD_SendData                           0x08001282   Section        0  i2c_lcd.o(i.LCD_SendData)
    LCD_SendData                             0x08001283   Thumb Code    30  i2c_lcd.o(i.LCD_SendData)
    i.LCD_SetCursor                          0x080012a0   Section        0  i2c_lcd.o(i.LCD_SetCursor)
    i.LCD_ShowCorrect                        0x080012b4   Section        0  i2c_lcd.o(i.LCD_ShowCorrect)
    i.LCD_ShowCountdown                      0x080012dc   Section        0  i2c_lcd.o(i.LCD_ShowCountdown)
    i.LCD_ShowWrongAttempts                  0x08001330   Section        0  i2c_lcd.o(i.LCD_ShowWrongAttempts)
    i.LCD_Write4                             0x08001380   Section        0  i2c_lcd.o(i.LCD_Write4)
    LCD_Write4                               0x08001381   Thumb Code    50  i2c_lcd.o(i.LCD_Write4)
    i.LCD_WriteChar                          0x080013b8   Section        0  i2c_lcd.o(i.LCD_WriteChar)
    i.NVIC_Init                              0x080013bc   Section        0  misc_1.o(i.NVIC_Init)
    i.NVIC_PriorityGroupConfig               0x08001420   Section        0  misc_1.o(i.NVIC_PriorityGroupConfig)
    i.Password_Check                         0x08001434   Section        0  password.o(i.Password_Check)
    i.Password_Init                          0x08001454   Section        0  password.o(i.Password_Init)
    i.Password_SetNew                        0x08001478   Section        0  password.o(i.Password_SetNew)
    i.Power_Reset_Timer                      0x080014ac   Section        0  power.o(i.Power_Reset_Timer)
    i.Power_UserActivity                     0x080014bc   Section        0  power.o(i.Power_UserActivity)
    i.RCC_APB1PeriphClockCmd                 0x080014cc   Section        0  stm32f10x_rcc_1.o(i.RCC_APB1PeriphClockCmd)
    i.RCC_APB2PeriphClockCmd                 0x080014e8   Section        0  stm32f10x_rcc_1.o(i.RCC_APB2PeriphClockCmd)
    i.SDA_Input                              0x08001504   Section        0  i2c.o(i.SDA_Input)
    SDA_Input                                0x08001505   Thumb Code    30  i2c.o(i.SDA_Input)
    i.SDA_Output                             0x08001528   Section        0  i2c.o(i.SDA_Output)
    SDA_Output                               0x08001529   Thumb Code    30  i2c.o(i.SDA_Output)
    i.Servo_Close                            0x0800154c   Section        0  servo.o(i.Servo_Close)
    i.Servo_Init                             0x08001554   Section        0  servo.o(i.Servo_Init)
    i.Servo_Open                             0x080015e8   Section        0  servo.o(i.Servo_Open)
    i.Servo_SetAngle                         0x080015ee   Section        0  servo.o(i.Servo_SetAngle)
    i.SetSysClock                            0x08001604   Section        0  system_stm32f10x.o(i.SetSysClock)
    SetSysClock                              0x08001605   Thumb Code     4  system_stm32f10x.o(i.SetSysClock)
    i.SetSysClockTo72                        0x08001608   Section        0  system_stm32f10x.o(i.SetSysClockTo72)
    SetSysClockTo72                          0x08001609   Thumb Code   166  system_stm32f10x.o(i.SetSysClockTo72)
    i.SysTick_Handler                        0x080016b8   Section        0  port.o(i.SysTick_Handler)
    i.SystemInit                             0x080016e4   Section        0  system_stm32f10x.o(i.SystemInit)
    i.TIM_ARRPreloadConfig                   0x08001734   Section        0  stm32f10x_tim_1.o(i.TIM_ARRPreloadConfig)
    i.TIM_Cmd                                0x0800174c   Section        0  stm32f10x_tim_1.o(i.TIM_Cmd)
    i.TIM_OC2Init                            0x08001764   Section        0  stm32f10x_tim_1.o(i.TIM_OC2Init)
    i.TIM_OC2PreloadConfig                   0x080017ec   Section        0  stm32f10x_tim_1.o(i.TIM_OC2PreloadConfig)
    i.TIM_TimeBaseInit                       0x08001800   Section        0  stm32f10x_tim_1.o(i.TIM_TimeBaseInit)
    i.beep                                   0x0800189c   Section        0  buzzer.o(i.beep)
    beep                                     0x0800189d   Thumb Code    30  buzzer.o(i.beep)
    i.buzzer_off                             0x080018bc   Section        0  buzzer.o(i.buzzer_off)
    buzzer_off                               0x080018bd   Thumb Code     8  buzzer.o(i.buzzer_off)
    i.buzzer_on                              0x080018c8   Section        0  buzzer.o(i.buzzer_on)
    buzzer_on                                0x080018c9   Thumb Code     8  buzzer.o(i.buzzer_on)
    i.door_display_idle                      0x080018d4   Section        0  door.o(i.door_display_idle)
    door_display_idle                        0x080018d5   Thumb Code    38  door.o(i.door_display_idle)
    i.door_open_success                      0x08001918   Section        0  door.o(i.door_open_success)
    door_open_success                        0x08001919   Thumb Code    86  door.o(i.door_open_success)
    i.main                                   0x08001990   Section        0  main.o(i.main)
    i.prvAddCurrentTaskToDelayedList         0x08001a48   Section        0  tasks.o(i.prvAddCurrentTaskToDelayedList)
    prvAddCurrentTaskToDelayedList           0x08001a49   Thumb Code   122  tasks.o(i.prvAddCurrentTaskToDelayedList)
    i.prvAddNewTaskToReadyList               0x08001acc   Section        0  tasks.o(i.prvAddNewTaskToReadyList)
    prvAddNewTaskToReadyList                 0x08001acd   Thumb Code   156  tasks.o(i.prvAddNewTaskToReadyList)
    i.prvCheckForValidListAndQueue           0x08001b74   Section        0  timers.o(i.prvCheckForValidListAndQueue)
    prvCheckForValidListAndQueue             0x08001b75   Thumb Code    62  timers.o(i.prvCheckForValidListAndQueue)
    i.prvCheckTasksWaitingTermination        0x08001bc4   Section        0  tasks.o(i.prvCheckTasksWaitingTermination)
    prvCheckTasksWaitingTermination          0x08001bc5   Thumb Code    52  tasks.o(i.prvCheckTasksWaitingTermination)
    i.prvCopyDataFromQueue                   0x08001c00   Section        0  queue.o(i.prvCopyDataFromQueue)
    prvCopyDataFromQueue                     0x08001c01   Thumb Code    40  queue.o(i.prvCopyDataFromQueue)
    i.prvCopyDataToQueue                     0x08001c28   Section        0  queue.o(i.prvCopyDataToQueue)
    prvCopyDataToQueue                       0x08001c29   Thumb Code   110  queue.o(i.prvCopyDataToQueue)
    i.prvCreateIdleTasks                     0x08001c98   Section        0  tasks.o(i.prvCreateIdleTasks)
    prvCreateIdleTasks                       0x08001c99   Thumb Code    62  tasks.o(i.prvCreateIdleTasks)
    i.prvCreateTask                          0x08001ce8   Section        0  tasks.o(i.prvCreateTask)
    prvCreateTask                            0x08001ce9   Thumb Code    92  tasks.o(i.prvCreateTask)
    i.prvDeleteTCB                           0x08001d44   Section        0  tasks.o(i.prvDeleteTCB)
    prvDeleteTCB                             0x08001d45   Thumb Code    20  tasks.o(i.prvDeleteTCB)
    i.prvGetDisinheritPriorityAfterTimeout   0x08001d58   Section        0  queue.o(i.prvGetDisinheritPriorityAfterTimeout)
    prvGetDisinheritPriorityAfterTimeout     0x08001d59   Thumb Code    20  queue.o(i.prvGetDisinheritPriorityAfterTimeout)
    i.prvGetNextExpireTime                   0x08001d6c   Section        0  timers.o(i.prvGetNextExpireTime)
    prvGetNextExpireTime                     0x08001d6d   Thumb Code    30  timers.o(i.prvGetNextExpireTime)
    i.prvHeapInit                            0x08001d90   Section        0  heap_4.o(i.prvHeapInit)
    prvHeapInit                              0x08001d91   Thumb Code    62  heap_4.o(i.prvHeapInit)
    i.prvIdleTask                            0x08001dd8   Section        0  tasks.o(i.prvIdleTask)
    prvIdleTask                              0x08001dd9   Thumb Code    30  tasks.o(i.prvIdleTask)
    i.prvInitialiseMutex                     0x08001e00   Section        0  queue.o(i.prvInitialiseMutex)
    prvInitialiseMutex                       0x08001e01   Thumb Code    24  queue.o(i.prvInitialiseMutex)
    i.prvInitialiseNewQueue                  0x08001e18   Section        0  queue.o(i.prvInitialiseNewQueue)
    prvInitialiseNewQueue                    0x08001e19   Thumb Code    34  queue.o(i.prvInitialiseNewQueue)
    i.prvInitialiseNewTask                   0x08001e3a   Section        0  tasks.o(i.prvInitialiseNewTask)
    prvInitialiseNewTask                     0x08001e3b   Thumb Code   162  tasks.o(i.prvInitialiseNewTask)
    i.prvInitialiseTaskLists                 0x08001edc   Section        0  tasks.o(i.prvInitialiseTaskLists)
    prvInitialiseTaskLists                   0x08001edd   Thumb Code    78  tasks.o(i.prvInitialiseTaskLists)
    i.prvInsertBlockIntoFreeList             0x08001f34   Section        0  heap_4.o(i.prvInsertBlockIntoFreeList)
    prvInsertBlockIntoFreeList               0x08001f35   Thumb Code   112  heap_4.o(i.prvInsertBlockIntoFreeList)
    i.prvInsertTimerInActiveList             0x08001fb0   Section        0  timers.o(i.prvInsertTimerInActiveList)
    prvInsertTimerInActiveList               0x08001fb1   Thumb Code    60  timers.o(i.prvInsertTimerInActiveList)
    i.prvIsQueueEmpty                        0x08001ff0   Section        0  queue.o(i.prvIsQueueEmpty)
    prvIsQueueEmpty                          0x08001ff1   Thumb Code    26  queue.o(i.prvIsQueueEmpty)
    i.prvIsQueueFull                         0x0800200a   Section        0  queue.o(i.prvIsQueueFull)
    prvIsQueueFull                           0x0800200b   Thumb Code    30  queue.o(i.prvIsQueueFull)
    i.prvProcessExpiredTimer                 0x08002028   Section        0  timers.o(i.prvProcessExpiredTimer)
    prvProcessExpiredTimer                   0x08002029   Thumb Code    58  timers.o(i.prvProcessExpiredTimer)
    i.prvProcessReceivedCommands             0x08002068   Section        0  timers.o(i.prvProcessReceivedCommands)
    prvProcessReceivedCommands               0x08002069   Thumb Code   230  timers.o(i.prvProcessReceivedCommands)
    i.prvProcessTimerOrBlockTask             0x08002154   Section        0  timers.o(i.prvProcessTimerOrBlockTask)
    prvProcessTimerOrBlockTask               0x08002155   Thumb Code   100  timers.o(i.prvProcessTimerOrBlockTask)
    i.prvReloadTimer                         0x080021c0   Section        0  timers.o(i.prvReloadTimer)
    prvReloadTimer                           0x080021c1   Thumb Code    40  timers.o(i.prvReloadTimer)
    i.prvResetNextTaskUnblockTime            0x080021e8   Section        0  tasks.o(i.prvResetNextTaskUnblockTime)
    prvResetNextTaskUnblockTime              0x080021e9   Thumb Code    28  tasks.o(i.prvResetNextTaskUnblockTime)
    i.prvSampleTimeNow                       0x08002208   Section        0  timers.o(i.prvSampleTimeNow)
    prvSampleTimeNow                         0x08002209   Thumb Code    38  timers.o(i.prvSampleTimeNow)
    i.prvSwitchTimerLists                    0x08002234   Section        0  timers.o(i.prvSwitchTimerLists)
    prvSwitchTimerLists                      0x08002235   Thumb Code    38  timers.o(i.prvSwitchTimerLists)
    i.prvTaskExitError                       0x08002260   Section        0  port.o(i.prvTaskExitError)
    prvTaskExitError                         0x08002261   Thumb Code    40  port.o(i.prvTaskExitError)
    i.prvTimerTask                           0x0800228c   Section        0  timers.o(i.prvTimerTask)
    prvTimerTask                             0x0800228d   Thumb Code    20  timers.o(i.prvTimerTask)
    i.prvUnlockQueue                         0x080022a0   Section        0  queue.o(i.prvUnlockQueue)
    prvUnlockQueue                           0x080022a1   Thumb Code   106  queue.o(i.prvUnlockQueue)
    i.pvPortMalloc                           0x0800230c   Section        0  heap_4.o(i.pvPortMalloc)
    i.pvTaskIncrementMutexHeldCount          0x08002450   Section        0  tasks.o(i.pvTaskIncrementMutexHeldCount)
    i.pxPortInitialiseStack                  0x08002464   Section        0  port.o(i.pxPortInitialiseStack)
    i.uxListRemove                           0x08002480   Section        0  list.o(i.uxListRemove)
    i.vListInitialise                        0x080024a4   Section        0  list.o(i.vListInitialise)
    i.vListInitialiseItem                    0x080024ba   Section        0  list.o(i.vListInitialiseItem)
    i.vListInsert                            0x080024c0   Section        0  list.o(i.vListInsert)
    i.vPortEnterCritical                     0x080024f0   Section        0  port.o(i.vPortEnterCritical)
    i.vPortExitCritical                      0x08002530   Section        0  port.o(i.vPortExitCritical)
    i.vPortFree                              0x0800255c   Section        0  heap_4.o(i.vPortFree)
    i.vPortSetupTimerInterrupt               0x080025e4   Section        0  port.o(i.vPortSetupTimerInterrupt)
    i.vPower_Init                            0x08002608   Section        0  power.o(i.vPower_Init)
    i.vPower_Task                            0x0800260c   Section        0  power.o(i.vPower_Task)
    i.vQueueAddToRegistry                    0x08002638   Section        0  queue.o(i.vQueueAddToRegistry)
    i.vQueueWaitForMessageRestricted         0x08002684   Section        0  queue.o(i.vQueueWaitForMessageRestricted)
    i.vSystem_GoToSleep                      0x080026cc   Section        0  power.o(i.vSystem_GoToSleep)
    vSystem_GoToSleep                        0x080026cd   Thumb Code   248  power.o(i.vSystem_GoToSleep)
    i.vTaskDelay                             0x080027d8   Section        0  tasks.o(i.vTaskDelay)
    i.vTaskInternalSetTimeOutState           0x08002828   Section        0  tasks.o(i.vTaskInternalSetTimeOutState)
    i.vTaskMissedYield                       0x08002838   Section        0  tasks.o(i.vTaskMissedYield)
    i.vTaskPlaceOnEventList                  0x08002844   Section        0  tasks.o(i.vTaskPlaceOnEventList)
    i.vTaskPlaceOnEventListRestricted        0x08002878   Section        0  tasks.o(i.vTaskPlaceOnEventListRestricted)
    i.vTaskPriorityDisinheritAfterTimeout    0x080028cc   Section        0  tasks.o(i.vTaskPriorityDisinheritAfterTimeout)
    i.vTaskStartScheduler                    0x08002980   Section        0  tasks.o(i.vTaskStartScheduler)
    i.vTaskSuspendAll                        0x080029d4   Section        0  tasks.o(i.vTaskSuspendAll)
    i.vTaskSwitchContext                     0x080029e4   Section        0  tasks.o(i.vTaskSwitchContext)
    i.xPortStartScheduler                    0x08002a50   Section        0  port.o(i.xPortStartScheduler)
    i.xQueueCreateMutex                      0x08002b04   Section        0  queue.o(i.xQueueCreateMutex)
    i.xQueueGenericCreate                    0x08002b1c   Section        0  queue.o(i.xQueueGenericCreate)
    i.xQueueGenericReset                     0x08002b6c   Section        0  queue.o(i.xQueueGenericReset)
    i.xQueueGenericSend                      0x08002c20   Section        0  queue.o(i.xQueueGenericSend)
    i.xQueueReceive                          0x08002d84   Section        0  queue.o(i.xQueueReceive)
    i.xQueueSemaphoreTake                    0x08002ec0   Section        0  queue.o(i.xQueueSemaphoreTake)
    i.xTaskCheckForTimeOut                   0x08003024   Section        0  tasks.o(i.xTaskCheckForTimeOut)
    i.xTaskCreate                            0x080030a4   Section        0  tasks.o(i.xTaskCreate)
    i.xTaskGetSchedulerState                 0x080030c4   Section        0  tasks.o(i.xTaskGetSchedulerState)
    i.xTaskGetTickCount                      0x080030e0   Section        0  tasks.o(i.xTaskGetTickCount)
    i.xTaskIncrementTick                     0x080030ec   Section        0  tasks.o(i.xTaskIncrementTick)
    i.xTaskPriorityDisinherit                0x0800321c   Section        0  tasks.o(i.xTaskPriorityDisinherit)
    i.xTaskPriorityInherit                   0x080032c0   Section        0  tasks.o(i.xTaskPriorityInherit)
    i.xTaskRemoveFromEventList               0x08003364   Section        0  tasks.o(i.xTaskRemoveFromEventList)
    i.xTaskResumeAll                         0x08003444   Section        0  tasks.o(i.xTaskResumeAll)
    i.xTimerCreateTimerTask                  0x08003580   Section        0  timers.o(i.xTimerCreateTimerTask)
    .constdata                               0x080035cc   Section       16  key.o(.constdata)
    keymap                                   0x080035cc   Data          16  key.o(.constdata)
    .constdata                               0x080035dc   Section        5  password.o(.constdata)
    g_default_password                       0x080035dc   Data           5  password.o(.constdata)
    .data                                    0x20000000   Section       64  tasks.o(.data)
    uxDeletedTasksWaitingCleanUp             0x20000004   Data           4  tasks.o(.data)
    uxCurrentNumberOfTasks                   0x20000008   Data           4  tasks.o(.data)
    xTickCount                               0x2000000c   Data           4  tasks.o(.data)
    uxTopReadyPriority                       0x20000010   Data           4  tasks.o(.data)
    xSchedulerRunning                        0x20000014   Data           4  tasks.o(.data)
    xPendedTicks                             0x20000018   Data           4  tasks.o(.data)
    xYieldPendings                           0x2000001c   Data           4  tasks.o(.data)
    xNumOfOverflows                          0x20000020   Data           4  tasks.o(.data)
    uxTaskNumber                             0x20000024   Data           4  tasks.o(.data)
    xNextTaskUnblockTime                     0x20000028   Data           4  tasks.o(.data)
    uxTopUsedPriority                        0x2000002c   Data           4  tasks.o(.data)
    uxSchedulerSuspended                     0x20000030   Data           4  tasks.o(.data)
    pxDelayedTaskList                        0x20000034   Data           4  tasks.o(.data)
    pxOverflowDelayedTaskList                0x20000038   Data           4  tasks.o(.data)
    xIdleTaskHandles                         0x2000003c   Data           4  tasks.o(.data)
    .data                                    0x20000040   Section       20  timers.o(.data)
    xTimerQueue                              0x20000040   Data           4  timers.o(.data)
    xTimerTaskHandle                         0x20000044   Data           4  timers.o(.data)
    xLastTime                                0x20000048   Data           4  timers.o(.data)
    pxCurrentTimerList                       0x2000004c   Data           4  timers.o(.data)
    pxOverflowTimerList                      0x20000050   Data           4  timers.o(.data)
    .data                                    0x20000054   Section       28  heap_4.o(.data)
    pxEnd                                    0x20000054   Data           4  heap_4.o(.data)
    xFreeBytesRemaining                      0x20000058   Data           4  heap_4.o(.data)
    xMinimumEverFreeBytesRemaining           0x2000005c   Data           4  heap_4.o(.data)
    xNumberOfSuccessfulAllocations           0x20000060   Data           4  heap_4.o(.data)
    xNumberOfSuccessfulFrees                 0x20000064   Data           4  heap_4.o(.data)
    xStart                                   0x20000068   Data           8  heap_4.o(.data)
    .data                                    0x20000070   Section       12  port.o(.data)
    ucMaxSysCallPriority                     0x20000070   Data           1  port.o(.data)
    uxCriticalNesting                        0x20000074   Data           4  port.o(.data)
    ulMaxPRIGROUPValue                       0x20000078   Data           4  port.o(.data)
    .data                                    0x2000007c   Section        4  i2c.o(.data)
    .data                                    0x20000080   Section        1  i2c_lcd.o(.data)
    lcd_backlight_state                      0x20000080   Data           1  i2c_lcd.o(.data)
    .data                                    0x20000084   Section        4  key.o(.data)
    .data                                    0x20000088   Section        4  buzzer.o(.data)
    .data                                    0x2000008c   Section        4  power.o(.data)
    last_active_tick                         0x2000008c   Data           4  power.o(.data)
    .data                                    0x20000090   Section       20  system_stm32f10x.o(.data)
    .bss                                     0x200000a4   Section       64  queue.o(.bss)
    .bss                                     0x200000e4   Section      200  tasks.o(.bss)
    pxReadyTasksLists                        0x200000e4   Data         100  tasks.o(.bss)
    xDelayedTaskList1                        0x20000148   Data          20  tasks.o(.bss)
    xDelayedTaskList2                        0x2000015c   Data          20  tasks.o(.bss)
    xPendingReadyList                        0x20000170   Data          20  tasks.o(.bss)
    xTasksWaitingTermination                 0x20000184   Data          20  tasks.o(.bss)
    xSuspendedTaskList                       0x20000198   Data          20  tasks.o(.bss)
    .bss                                     0x200001ac   Section       40  timers.o(.bss)
    xActiveTimerList1                        0x200001ac   Data          20  timers.o(.bss)
    xActiveTimerList2                        0x200001c0   Data          20  timers.o(.bss)
    .bss                                     0x200001d4   Section     8192  heap_4.o(.bss)
    ucHeap                                   0x200001d4   Data        8192  heap_4.o(.bss)
    .bss                                     0x200021d4   Section        9  password.o(.bss)
    .bss                                     0x200021e0   Section       96  libspace.o(.bss)
    HEAP                                     0x20002240   Section      512  startup_stm32f10x_md.o(HEAP)
    Heap_Mem                                 0x20002240   Data         512  startup_stm32f10x_md.o(HEAP)
    STACK                                    0x20002440   Section     1024  startup_stm32f10x_md.o(STACK)
    Stack_Mem                                0x20002440   Data        1024  startup_stm32f10x_md.o(STACK)
    __initial_sp                             0x20002840   Data           0  startup_stm32f10x_md.o(STACK)

    Global Symbols

    Symbol Name                              Value     Ov Type        Size  Object(Section)

    BuildAttributes$$THM_ISAv4$P$D$K$B$S$PE$A:L22UL41UL21$X:L11$S22US41US21$IEEE1$IW$USESV6$~STKCKD$USESV7$~SHL$OSPACE$ROPI$EBA8$UX$STANDARDLIB$REQ8$PRES8$EABIv2 0x00000000   Number         0  anon$$obj.o ABSOLUTE
    __ARM_use_no_argv                        0x00000000   Number         0  main.o ABSOLUTE
    __ARM_exceptions_init                     - Undefined Weak Reference
    __alloca_initialize                       - Undefined Weak Reference
    __arm_preinit_                            - Undefined Weak Reference
    __cpp_initialize__aeabi_                  - Undefined Weak Reference
    __cxa_finalize                            - Undefined Weak Reference
    __rt_locale                               - Undefined Weak Reference
    __sigvec_lookup                           - Undefined Weak Reference
    _atexit_init                              - Undefined Weak Reference
    _call_atexit_fns                          - Undefined Weak Reference
    _clock_init                               - Undefined Weak Reference
    _fp_trap_init                             - Undefined Weak Reference
    _fp_trap_shutdown                         - Undefined Weak Reference
    _get_lc_collate                           - Undefined Weak Reference
    _get_lc_ctype                             - Undefined Weak Reference
    _get_lc_monetary                          - Undefined Weak Reference
    _get_lc_numeric                           - Undefined Weak Reference
    _get_lc_time                              - Undefined Weak Reference
    _getenv_init                              - Undefined Weak Reference
    _handle_redirection                       - Undefined Weak Reference
    _init_alloc                               - Undefined Weak Reference
    _init_user_alloc                          - Undefined Weak Reference
    _initio                                   - Undefined Weak Reference
    _printf_post_padding                      - Undefined Weak Reference
    _printf_pre_padding                       - Undefined Weak Reference
    _printf_truncate_signed                   - Undefined Weak Reference
    _printf_truncate_unsigned                 - Undefined Weak Reference
    _rand_init                                - Undefined Weak Reference
    _signal_finish                            - Undefined Weak Reference
    _signal_init                              - Undefined Weak Reference
    _terminate_alloc                          - Undefined Weak Reference
    _terminate_user_alloc                     - Undefined Weak Reference
    _terminateio                              - Undefined Weak Reference
    __Vectors_Size                           0x000000ec   Number         0  startup_stm32f10x_md.o ABSOLUTE
    __Vectors                                0x08000000   Data           4  startup_stm32f10x_md.o(RESET)
    __Vectors_End                            0x080000ec   Data           0  startup_stm32f10x_md.o(RESET)
    __main                                   0x080000ed   Thumb Code     8  __main.o(!!!main)
    __scatterload                            0x080000f5   Thumb Code     0  __scatter.o(!!!scatter)
    __scatterload_rt2                        0x080000f5   Thumb Code    44  __scatter.o(!!!scatter)
    __scatterload_rt2_thumb_only             0x080000f5   Thumb Code     0  __scatter.o(!!!scatter)
    __scatterload_null                       0x08000103   Thumb Code     0  __scatter.o(!!!scatter)
    __scatterload_copy                       0x08000129   Thumb Code    26  __scatter_copy.o(!!handler_copy)
    __scatterload_zeroinit                   0x08000145   Thumb Code    28  __scatter_zi.o(!!handler_zi)
    _printf_d                                0x08000161   Thumb Code     0  _printf_d.o(.ARM.Collect$$_printf_percent$$00000009)
    _printf_percent                          0x08000161   Thumb Code     0  _printf_percent.o(.ARM.Collect$$_printf_percent$$00000000)
    _printf_percent_end                      0x08000167   Thumb Code     0  _printf_percent_end.o(.ARM.Collect$$_printf_percent$$00000017)
    __rt_lib_init                            0x0800016b   Thumb Code     0  libinit.o(.ARM.Collect$$libinit$$00000000)
    __rt_lib_init_alloca_1                   0x0800016d   Thumb Code     0  libinit2.o(.ARM.Collect$$libinit$$0000002E)
    __rt_lib_init_argv_1                     0x0800016d   Thumb Code     0  libinit2.o(.ARM.Collect$$libinit$$0000002C)
    __rt_lib_init_atexit_1                   0x0800016d   Thumb Code     0  libinit2.o(.ARM.Collect$$libinit$$0000001B)
    __rt_lib_init_clock_1                    0x0800016d   Thumb Code     0  libinit2.o(.ARM.Collect$$libinit$$00000021)
    __rt_lib_init_cpp_1                      0x0800016d   Thumb Code     0  libinit2.o(.ARM.Collect$$libinit$$00000032)
    __rt_lib_init_exceptions_1               0x0800016d   Thumb Code     0  libinit2.o(.ARM.Collect$$libinit$$00000030)
    __rt_lib_init_fp_1                       0x0800016d   Thumb Code     0  libinit2.o(.ARM.Collect$$libinit$$00000002)
    __rt_lib_init_fp_trap_1                  0x0800016d   Thumb Code     0  libinit2.o(.ARM.Collect$$libinit$$0000001F)
    __rt_lib_init_getenv_1                   0x0800016d   Thumb Code     0  libinit2.o(.ARM.Collect$$libinit$$00000023)
    __rt_lib_init_heap_1                     0x0800016d   Thumb Code     0  libinit2.o(.ARM.Collect$$libinit$$0000000A)
    __rt_lib_init_lc_collate_1               0x0800016d   Thumb Code     0  libinit2.o(.ARM.Collect$$libinit$$00000011)
    __rt_lib_init_lc_ctype_1                 0x0800016d   Thumb Code     0  libinit2.o(.ARM.Collect$$libinit$$00000013)
    __rt_lib_init_lc_monetary_1              0x0800016d   Thumb Code     0  libinit2.o(.ARM.Collect$$libinit$$00000015)
    __rt_lib_init_lc_numeric_1               0x0800016d   Thumb Code     0  libinit2.o(.ARM.Collect$$libinit$$00000017)
    __rt_lib_init_lc_time_1                  0x0800016d   Thumb Code     0  libinit2.o(.ARM.Collect$$libinit$$00000019)
    __rt_lib_init_preinit_1                  0x0800016d   Thumb Code     0  libinit2.o(.ARM.Collect$$libinit$$00000004)
    __rt_lib_init_rand_1                     0x0800016d   Thumb Code     0  libinit2.o(.ARM.Collect$$libinit$$0000000E)
    __rt_lib_init_return                     0x0800016d   Thumb Code     0  libinit2.o(.ARM.Collect$$libinit$$00000033)
    __rt_lib_init_signal_1                   0x0800016d   Thumb Code     0  libinit2.o(.ARM.Collect$$libinit$$0000001D)
    __rt_lib_init_stdio_1                    0x0800016d   Thumb Code     0  libinit2.o(.ARM.Collect$$libinit$$00000025)
    __rt_lib_init_user_alloc_1               0x0800016d   Thumb Code     0  libinit2.o(.ARM.Collect$$libinit$$0000000C)
    __rt_lib_shutdown                        0x0800016f   Thumb Code     0  libshutdown.o(.ARM.Collect$$libshutdown$$00000000)
    __rt_lib_shutdown_cpp_1                  0x08000171   Thumb Code     0  libshutdown2.o(.ARM.Collect$$libshutdown$$00000002)
    __rt_lib_shutdown_fp_trap_1              0x08000171   Thumb Code     0  libshutdown2.o(.ARM.Collect$$libshutdown$$00000007)
    __rt_lib_shutdown_heap_1                 0x08000171   Thumb Code     0  libshutdown2.o(.ARM.Collect$$libshutdown$$0000000F)
    __rt_lib_shutdown_return                 0x08000171   Thumb Code     0  libshutdown2.o(.ARM.Collect$$libshutdown$$00000010)
    __rt_lib_shutdown_signal_1               0x08000171   Thumb Code     0  libshutdown2.o(.ARM.Collect$$libshutdown$$0000000A)
    __rt_lib_shutdown_stdio_1                0x08000171   Thumb Code     0  libshutdown2.o(.ARM.Collect$$libshutdown$$00000004)
    __rt_lib_shutdown_user_alloc_1           0x08000171   Thumb Code     0  libshutdown2.o(.ARM.Collect$$libshutdown$$0000000C)
    __rt_entry                               0x08000173   Thumb Code     0  __rtentry.o(.ARM.Collect$$rtentry$$00000000)
    __rt_entry_presh_1                       0x08000173   Thumb Code     0  __rtentry2.o(.ARM.Collect$$rtentry$$00000002)
    __rt_entry_sh                            0x08000173   Thumb Code     0  __rtentry4.o(.ARM.Collect$$rtentry$$00000004)
    __rt_entry_li                            0x08000179   Thumb Code     0  __rtentry2.o(.ARM.Collect$$rtentry$$0000000A)
    __rt_entry_postsh_1                      0x08000179   Thumb Code     0  __rtentry2.o(.ARM.Collect$$rtentry$$00000009)
    __rt_entry_main                          0x0800017d   Thumb Code     0  __rtentry2.o(.ARM.Collect$$rtentry$$0000000D)
    __rt_entry_postli_1                      0x0800017d   Thumb Code     0  __rtentry2.o(.ARM.Collect$$rtentry$$0000000C)
    __rt_exit                                0x08000185   Thumb Code     0  rtexit.o(.ARM.Collect$$rtexit$$00000000)
    __rt_exit_ls                             0x08000187   Thumb Code     0  rtexit2.o(.ARM.Collect$$rtexit$$00000003)
    __rt_exit_prels_1                        0x08000187   Thumb Code     0  rtexit2.o(.ARM.Collect$$rtexit$$00000002)
    __rt_exit_exit                           0x0800018b   Thumb Code     0  rtexit2.o(.ARM.Collect$$rtexit$$00000004)
    SVC_Handler                              0x08000191   Thumb Code    32  port.o(.emb_text)
    __asm___6_port_c_39a90d8d__prvStartFirstTask 0x080001b5   Thumb Code    28  port.o(.emb_text)
    PendSV_Handler                           0x080001d5   Thumb Code    72  port.o(.emb_text)
    vPortGetIPSR                             0x08000221   Thumb Code     6  port.o(.emb_text)
    Reset_Handler                            0x08000229   Thumb Code     8  startup_stm32f10x_md.o(.text)
    NMI_Handler                              0x08000231   Thumb Code     2  startup_stm32f10x_md.o(.text)
    HardFault_Handler                        0x08000233   Thumb Code     2  startup_stm32f10x_md.o(.text)
    MemManage_Handler                        0x08000235   Thumb Code     2  startup_stm32f10x_md.o(.text)
    BusFault_Handler                         0x08000237   Thumb Code     2  startup_stm32f10x_md.o(.text)
    UsageFault_Handler                       0x08000239   Thumb Code     2  startup_stm32f10x_md.o(.text)
    DebugMon_Handler                         0x0800023d   Thumb Code     2  startup_stm32f10x_md.o(.text)
    ADC1_2_IRQHandler                        0x08000243   Thumb Code     0  startup_stm32f10x_md.o(.text)
    CAN1_RX1_IRQHandler                      0x08000243   Thumb Code     0  startup_stm32f10x_md.o(.text)
    CAN1_SCE_IRQHandler                      0x08000243   Thumb Code     0  startup_stm32f10x_md.o(.text)
    DMA1_Channel1_IRQHandler                 0x08000243   Thumb Code     0  startup_stm32f10x_md.o(.text)
    DMA1_Channel2_IRQHandler                 0x08000243   Thumb Code     0  startup_stm32f10x_md.o(.text)
    DMA1_Channel3_IRQHandler                 0x08000243   Thumb Code     0  startup_stm32f10x_md.o(.text)
    DMA1_Channel4_IRQHandler                 0x08000243   Thumb Code     0  startup_stm32f10x_md.o(.text)
    DMA1_Channel5_IRQHandler                 0x08000243   Thumb Code     0  startup_stm32f10x_md.o(.text)
    DMA1_Channel6_IRQHandler                 0x08000243   Thumb Code     0  startup_stm32f10x_md.o(.text)
    DMA1_Channel7_IRQHandler                 0x08000243   Thumb Code     0  startup_stm32f10x_md.o(.text)
    EXTI0_IRQHandler                         0x08000243   Thumb Code     0  startup_stm32f10x_md.o(.text)
    EXTI15_10_IRQHandler                     0x08000243   Thumb Code     0  startup_stm32f10x_md.o(.text)
    EXTI1_IRQHandler                         0x08000243   Thumb Code     0  startup_stm32f10x_md.o(.text)
    EXTI2_IRQHandler                         0x08000243   Thumb Code     0  startup_stm32f10x_md.o(.text)
    EXTI3_IRQHandler                         0x08000243   Thumb Code     0  startup_stm32f10x_md.o(.text)
    EXTI4_IRQHandler                         0x08000243   Thumb Code     0  startup_stm32f10x_md.o(.text)
    FLASH_IRQHandler                         0x08000243   Thumb Code     0  startup_stm32f10x_md.o(.text)
    I2C1_ER_IRQHandler                       0x08000243   Thumb Code     0  startup_stm32f10x_md.o(.text)
    I2C1_EV_IRQHandler                       0x08000243   Thumb Code     0  startup_stm32f10x_md.o(.text)
    I2C2_ER_IRQHandler                       0x08000243   Thumb Code     0  startup_stm32f10x_md.o(.text)
    I2C2_EV_IRQHandler                       0x08000243   Thumb Code     0  startup_stm32f10x_md.o(.text)
    PVD_IRQHandler                           0x08000243   Thumb Code     0  startup_stm32f10x_md.o(.text)
    RCC_IRQHandler                           0x08000243   Thumb Code     0  startup_stm32f10x_md.o(.text)
    RTCAlarm_IRQHandler                      0x08000243   Thumb Code     0  startup_stm32f10x_md.o(.text)
    RTC_IRQHandler                           0x08000243   Thumb Code     0  startup_stm32f10x_md.o(.text)
    SPI1_IRQHandler                          0x08000243   Thumb Code     0  startup_stm32f10x_md.o(.text)
    SPI2_IRQHandler                          0x08000243   Thumb Code     0  startup_stm32f10x_md.o(.text)
    TAMPER_IRQHandler                        0x08000243   Thumb Code     0  startup_stm32f10x_md.o(.text)
    TIM1_BRK_IRQHandler                      0x08000243   Thumb Code     0  startup_stm32f10x_md.o(.text)
    TIM1_CC_IRQHandler                       0x08000243   Thumb Code     0  startup_stm32f10x_md.o(.text)
    TIM1_TRG_COM_IRQHandler                  0x08000243   Thumb Code     0  startup_stm32f10x_md.o(.text)
    TIM1_UP_IRQHandler                       0x08000243   Thumb Code     0  startup_stm32f10x_md.o(.text)
    TIM2_IRQHandler                          0x08000243   Thumb Code     0  startup_stm32f10x_md.o(.text)
    TIM3_IRQHandler                          0x08000243   Thumb Code     0  startup_stm32f10x_md.o(.text)
    TIM4_IRQHandler                          0x08000243   Thumb Code     0  startup_stm32f10x_md.o(.text)
    USART1_IRQHandler                        0x08000243   Thumb Code     0  startup_stm32f10x_md.o(.text)
    USART2_IRQHandler                        0x08000243   Thumb Code     0  startup_stm32f10x_md.o(.text)
    USART3_IRQHandler                        0x08000243   Thumb Code     0  startup_stm32f10x_md.o(.text)
    USBWakeUp_IRQHandler                     0x08000243   Thumb Code     0  startup_stm32f10x_md.o(.text)
    USB_HP_CAN1_TX_IRQHandler                0x08000243   Thumb Code     0  startup_stm32f10x_md.o(.text)
    USB_LP_CAN1_RX0_IRQHandler               0x08000243   Thumb Code     0  startup_stm32f10x_md.o(.text)
    WWDG_IRQHandler                          0x08000243   Thumb Code     0  startup_stm32f10x_md.o(.text)
    __user_initial_stackheap                 0x08000245   Thumb Code     0  startup_stm32f10x_md.o(.text)
    __aeabi_uldivmod                         0x08000269   Thumb Code     0  lludivv7m.o(.text)
    _ll_udiv                                 0x08000269   Thumb Code   238  lludivv7m.o(.text)
    __2sprintf                               0x08000359   Thumb Code    34  noretval__2sprintf.o(.text)
    __printf                                 0x08000381   Thumb Code   104  __printf.o(.text)
    _printf_int_dec                          0x080003e9   Thumb Code   104  _printf_dec.o(.text)
    strlen                                   0x08000461   Thumb Code    62  strlen.o(.text)
    strncmp                                  0x0800049f   Thumb Code   150  strncmp.o(.text)
    __aeabi_memcpy                           0x08000535   Thumb Code     0  rt_memcpy_v6.o(.text)
    __rt_memcpy                              0x08000535   Thumb Code   138  rt_memcpy_v6.o(.text)
    _memcpy_lastbytes                        0x0800059b   Thumb Code     0  rt_memcpy_v6.o(.text)
    __aeabi_memset                           0x080005bf   Thumb Code    16  aeabi_memset.o(.text)
    __aeabi_memclr                           0x080005cf   Thumb Code     0  rt_memclr.o(.text)
    __rt_memclr                              0x080005cf   Thumb Code    68  rt_memclr.o(.text)
    _memset                                  0x080005d3   Thumb Code     0  rt_memclr.o(.text)
    __aeabi_memclr4                          0x08000613   Thumb Code     0  rt_memclr_w.o(.text)
    __aeabi_memclr8                          0x08000613   Thumb Code     0  rt_memclr_w.o(.text)
    __rt_memclr_w                            0x08000613   Thumb Code    78  rt_memclr_w.o(.text)
    _memset_w                                0x08000617   Thumb Code     0  rt_memclr_w.o(.text)
    strncpy                                  0x08000661   Thumb Code    86  strncpy.o(.text)
    __use_two_region_memory                  0x080006b7   Thumb Code     2  heapauxi.o(.text)
    __rt_heap_escrow$2region                 0x080006b9   Thumb Code     2  heapauxi.o(.text)
    __rt_heap_expand$2region                 0x080006bb   Thumb Code     2  heapauxi.o(.text)
    _printf_int_common                       0x080006bd   Thumb Code   178  _printf_intcommon.o(.text)
    _printf_char_common                      0x0800077b   Thumb Code    32  _printf_char_common.o(.text)
    _sputc                                   0x080007a1   Thumb Code    10  _sputc.o(.text)
    __aeabi_memcpy4                          0x080007ab   Thumb Code     0  rt_memcpy_w.o(.text)
    __aeabi_memcpy8                          0x080007ab   Thumb Code     0  rt_memcpy_w.o(.text)
    __rt_memcpy_w                            0x080007ab   Thumb Code   100  rt_memcpy_w.o(.text)
    _memcpy_lastbytes_aligned                0x080007f3   Thumb Code     0  rt_memcpy_w.o(.text)
    __user_setup_stackheap                   0x0800080f   Thumb Code    74  sys_stackheap_outer.o(.text)
    exit                                     0x08000859   Thumb Code    18  exit.o(.text)
    __user_libspace                          0x0800086d   Thumb Code     8  libspace.o(.text)
    __user_perproc_libspace                  0x0800086d   Thumb Code     0  libspace.o(.text)
    __user_perthread_libspace                0x0800086d   Thumb Code     0  libspace.o(.text)
    _sys_exit                                0x08000875   Thumb Code     8  sys_exit.o(.text)
    __I$use$semihosting                      0x08000881   Thumb Code     0  use_no_semi.o(.text)
    __use_no_semihosting_swi                 0x08000881   Thumb Code     2  use_no_semi.o(.text)
    __semihosting_library_function           0x08000883   Thumb Code     0  indicate_semi.o(.text)
    Buzzer_Init                              0x08000885   Thumb Code    56  buzzer.o(i.Buzzer_Init)
    Buzzer_Play                              0x080008c5   Thumb Code    22  buzzer.o(i.Buzzer_Play)
    Buzzer_Task                              0x080008e1   Thumb Code    84  buzzer.o(i.Buzzer_Task)
    Delay                                    0x08000939   Thumb Code    44  delay_1.o(i.Delay)
    Delay_Init                               0x08000965   Thumb Code    54  delay_1.o(i.Delay_Init)
    Delay_Ms                                 0x080009a1   Thumb Code    24  delay_1.o(i.Delay_Ms)
    Delay_Us                                 0x080009b9   Thumb Code    20  delay_1.o(i.Delay_Us)
    Door_Task                                0x080009d1   Thumb Code   748  door.o(i.Door_Task)
    EXTI9_5_IRQHandler                       0x08000d11   Thumb Code    28  power.o(i.EXTI9_5_IRQHandler)
    EXTI_ClearITPendingBit                   0x08000d2d   Thumb Code     6  stm32f10x_exti.o(i.EXTI_ClearITPendingBit)
    EXTI_GetITStatus                         0x08000d39   Thumb Code    28  stm32f10x_exti.o(i.EXTI_GetITStatus)
    EXTI_Init                                0x08000d59   Thumb Code   110  stm32f10x_exti.o(i.EXTI_Init)
    GPIO_EXTILineConfig                      0x08000dcd   Thumb Code    34  stm32f10x_gpio_1.o(i.GPIO_EXTILineConfig)
    GPIO_Init                                0x08000df5   Thumb Code   166  stm32f10x_gpio_1.o(i.GPIO_Init)
    GPIO_ReadInputDataBit                    0x08000e9b   Thumb Code    14  stm32f10x_gpio_1.o(i.GPIO_ReadInputDataBit)
    GPIO_ResetBits                           0x08000ea9   Thumb Code     4  stm32f10x_gpio_1.o(i.GPIO_ResetBits)
    GPIO_SetBits                             0x08000ead   Thumb Code     4  stm32f10x_gpio_1.o(i.GPIO_SetBits)
    I2C_InitSoft                             0x08000eb1   Thumb Code    66  i2c.o(i.I2C_InitSoft)
    I2C_WriteByteTo                          0x08000ffd   Thumb Code    68  i2c.o(i.I2C_WriteByteTo)
    Key_Init                                 0x08001045   Thumb Code   166  key.o(i.Key_Init)
    Key_Task                                 0x080010f5   Thumb Code   158  key.o(i.Key_Task)
    LCD_Backlight                            0x080011a1   Thumb Code    20  i2c_lcd.o(i.LCD_Backlight)
    LCD_Clear                                0x080011b9   Thumb Code    18  i2c_lcd.o(i.LCD_Clear)
    LCD_Init                                 0x080011cb   Thumb Code    64  i2c_lcd.o(i.LCD_Init)
    LCD_Print                                0x0800120b   Thumb Code    20  i2c_lcd.o(i.LCD_Print)
    LCD_PrintCenter                          0x0800121f   Thumb Code    50  i2c_lcd.o(i.LCD_PrintCenter)
    LCD_PrintNumber                          0x08001251   Thumb Code    20  i2c_lcd.o(i.LCD_PrintNumber)
    LCD_SetCursor                            0x080012a1   Thumb Code    18  i2c_lcd.o(i.LCD_SetCursor)
    LCD_ShowCorrect                          0x080012b5   Thumb Code    24  i2c_lcd.o(i.LCD_ShowCorrect)
    LCD_ShowCountdown                        0x080012dd   Thumb Code    52  i2c_lcd.o(i.LCD_ShowCountdown)
    LCD_ShowWrongAttempts                    0x08001331   Thumb Code    52  i2c_lcd.o(i.LCD_ShowWrongAttempts)
    LCD_WriteChar                            0x080013b9   Thumb Code     4  i2c_lcd.o(i.LCD_WriteChar)
    NVIC_Init                                0x080013bd   Thumb Code    96  misc_1.o(i.NVIC_Init)
    NVIC_PriorityGroupConfig                 0x08001421   Thumb Code    10  misc_1.o(i.NVIC_PriorityGroupConfig)
    Password_Check                           0x08001435   Thumb Code    28  password.o(i.Password_Check)
    Password_Init                            0x08001455   Thumb Code    26  password.o(i.Password_Init)
    Password_SetNew                          0x08001479   Thumb Code    48  password.o(i.Password_SetNew)
    Power_Reset_Timer                        0x080014ad   Thumb Code    12  power.o(i.Power_Reset_Timer)
    Power_UserActivity                       0x080014bd   Thumb Code    12  power.o(i.Power_UserActivity)
    RCC_APB1PeriphClockCmd                   0x080014cd   Thumb Code    22  stm32f10x_rcc_1.o(i.RCC_APB1PeriphClockCmd)
    RCC_APB2PeriphClockCmd                   0x080014e9   Thumb Code    22  stm32f10x_rcc_1.o(i.RCC_APB2PeriphClockCmd)
    Servo_Close                              0x0800154d   Thumb Code     6  servo.o(i.Servo_Close)
    Servo_Init                               0x08001555   Thumb Code   142  servo.o(i.Servo_Init)
    Servo_Open                               0x080015e9   Thumb Code     6  servo.o(i.Servo_Open)
    Servo_SetAngle                           0x080015ef   Thumb Code    22  servo.o(i.Servo_SetAngle)
    SysTick_Handler                          0x080016b9   Thumb Code    38  port.o(i.SysTick_Handler)
    SystemInit                               0x080016e5   Thumb Code    64  system_stm32f10x.o(i.SystemInit)
    TIM_ARRPreloadConfig                     0x08001735   Thumb Code    24  stm32f10x_tim_1.o(i.TIM_ARRPreloadConfig)
    TIM_Cmd                                  0x0800174d   Thumb Code    24  stm32f10x_tim_1.o(i.TIM_Cmd)
    TIM_OC2Init                              0x08001765   Thumb Code   128  stm32f10x_tim_1.o(i.TIM_OC2Init)
    TIM_OC2PreloadConfig                     0x080017ed   Thumb Code    20  stm32f10x_tim_1.o(i.TIM_OC2PreloadConfig)
    TIM_TimeBaseInit                         0x08001801   Thumb Code   114  stm32f10x_tim_1.o(i.TIM_TimeBaseInit)
    main                                     0x08001991   Thumb Code   134  main.o(i.main)
    pvPortMalloc                             0x0800230d   Thumb Code   310  heap_4.o(i.pvPortMalloc)
    pvTaskIncrementMutexHeldCount            0x08002451   Thumb Code    16  tasks.o(i.pvTaskIncrementMutexHeldCount)
    pxPortInitialiseStack                    0x08002465   Thumb Code    24  port.o(i.pxPortInitialiseStack)
    uxListRemove                             0x08002481   Thumb Code    36  list.o(i.uxListRemove)
    vListInitialise                          0x080024a5   Thumb Code    22  list.o(i.vListInitialise)
    vListInitialiseItem                      0x080024bb   Thumb Code     6  list.o(i.vListInitialiseItem)
    vListInsert                              0x080024c1   Thumb Code    48  list.o(i.vListInsert)
    vPortEnterCritical                       0x080024f1   Thumb Code    54  port.o(i.vPortEnterCritical)
    vPortExitCritical                        0x08002531   Thumb Code    38  port.o(i.vPortExitCritical)
    vPortFree                                0x0800255d   Thumb Code   122  heap_4.o(i.vPortFree)
    vPortSetupTimerInterrupt                 0x080025e5   Thumb Code    32  port.o(i.vPortSetupTimerInterrupt)
    vPower_Init                              0x08002609   Thumb Code     2  power.o(i.vPower_Init)
    vPower_Task                              0x0800260d   Thumb Code    40  power.o(i.vPower_Task)
    vQueueAddToRegistry                      0x08002639   Thumb Code    72  queue.o(i.vQueueAddToRegistry)
    vQueueWaitForMessageRestricted           0x08002685   Thumb Code    70  queue.o(i.vQueueWaitForMessageRestricted)
    vTaskDelay                               0x080027d9   Thumb Code    72  tasks.o(i.vTaskDelay)
    vTaskInternalSetTimeOutState             0x08002829   Thumb Code    12  tasks.o(i.vTaskInternalSetTimeOutState)
    vTaskMissedYield                         0x08002839   Thumb Code     8  tasks.o(i.vTaskMissedYield)
    vTaskPlaceOnEventList                    0x08002845   Thumb Code    46  tasks.o(i.vTaskPlaceOnEventList)
    vTaskPlaceOnEventListRestricted          0x08002879   Thumb Code    78  tasks.o(i.vTaskPlaceOnEventListRestricted)
    vTaskPriorityDisinheritAfterTimeout      0x080028cd   Thumb Code   170  tasks.o(i.vTaskPriorityDisinheritAfterTimeout)
    vTaskStartScheduler                      0x08002981   Thumb Code    78  tasks.o(i.vTaskStartScheduler)
    vTaskSuspendAll                          0x080029d5   Thumb Code    10  tasks.o(i.vTaskSuspendAll)
    vTaskSwitchContext                       0x080029e5   Thumb Code   100  tasks.o(i.vTaskSwitchContext)
    xPortStartScheduler                      0x08002a51   Thumb Code   166  port.o(i.xPortStartScheduler)
    xQueueCreateMutex                        0x08002b05   Thumb Code    24  queue.o(i.xQueueCreateMutex)
    xQueueGenericCreate                      0x08002b1d   Thumb Code    80  queue.o(i.xQueueGenericCreate)
    xQueueGenericReset                       0x08002b6d   Thumb Code   176  queue.o(i.xQueueGenericReset)
    xQueueGenericSend                        0x08002c21   Thumb Code   352  queue.o(i.xQueueGenericSend)
    xQueueReceive                            0x08002d85   Thumb Code   310  queue.o(i.xQueueReceive)
    xQueueSemaphoreTake                      0x08002ec1   Thumb Code   352  queue.o(i.xQueueSemaphoreTake)
    xTaskCheckForTimeOut                     0x08003025   Thumb Code   122  tasks.o(i.xTaskCheckForTimeOut)
    xTaskCreate                              0x080030a5   Thumb Code    30  tasks.o(i.xTaskCreate)
    xTaskGetSchedulerState                   0x080030c5   Thumb Code    24  tasks.o(i.xTaskGetSchedulerState)
    xTaskGetTickCount                        0x080030e1   Thumb Code     6  tasks.o(i.xTaskGetTickCount)
    xTaskIncrementTick                       0x080030ed   Thumb Code   294  tasks.o(i.xTaskIncrementTick)
    xTaskPriorityDisinherit                  0x0800321d   Thumb Code   156  tasks.o(i.xTaskPriorityDisinherit)
    xTaskPriorityInherit                     0x080032c1   Thumb Code   154  tasks.o(i.xTaskPriorityInherit)
    xTaskRemoveFromEventList                 0x08003365   Thumb Code   214  tasks.o(i.xTaskRemoveFromEventList)
    xTaskResumeAll                           0x08003445   Thumb Code   302  tasks.o(i.xTaskResumeAll)
    xTimerCreateTimerTask                    0x08003581   Thumb Code    60  timers.o(i.xTimerCreateTimerTask)
    Region$$Table$$Base                      0x080035e4   Number         0  anon$$obj.o(Region$$Table)
    Region$$Table$$Limit                     0x08003604   Number         0  anon$$obj.o(Region$$Table)
    pxCurrentTCB                             0x20000000   Data           4  tasks.o(.data)
    xI2C_Mutex                               0x2000007c   Data           4  i2c.o(.data)
    qKey                                     0x20000084   Data           4  key.o(.data)
    qBuzz                                    0x20000088   Data           4  buzzer.o(.data)
    SystemCoreClock                          0x20000090   Data           4  system_stm32f10x.o(.data)
    AHBPrescTable                            0x20000094   Data          16  system_stm32f10x.o(.data)
    xQueueRegistry                           0x200000a4   Data          64  queue.o(.bss)
    g_current_password                       0x200021d4   Data           9  password.o(.bss)
    __libspace_start                         0x200021e0   Data          96  libspace.o(.bss)
    __temporary_stack_top$libspace           0x20002240   Data           0  libspace.o(.bss)



==============================================================================

Memory Map of the image

  Image Entry point : 0x080000ed

  Load Region LR_IROM1 (Base: 0x08000000, Size: 0x000036a8, Max: 0x00010000, ABSOLUTE)

    Execution Region ER_IROM1 (Exec base: 0x08000000, Load base: 0x08000000, Size: 0x00003604, Max: 0x00010000, ABSOLUTE)

    Exec Addr    Load Addr    Size         Type   Attr      Idx    E Section Name        Object

    0x08000000   0x08000000   0x000000ec   Data   RO         4187    RESET               startup_stm32f10x_md.o
    0x080000ec   0x080000ec   0x00000008   Code   RO         4290  * !!!main             c_w.l(__main.o)
    0x080000f4   0x080000f4   0x00000034   Code   RO         4468    !!!scatter          c_w.l(__scatter.o)
    0x08000128   0x08000128   0x0000001a   Code   RO         4470    !!handler_copy      c_w.l(__scatter_copy.o)
    0x08000142   0x08000142   0x00000002   PAD
    0x08000144   0x08000144   0x0000001c   Code   RO         4472    !!handler_zi        c_w.l(__scatter_zi.o)
    0x08000160   0x08000160   0x00000000   Code   RO         4271    .ARM.Collect$$_printf_percent$$00000000  c_w.l(_printf_percent.o)
    0x08000160   0x08000160   0x00000006   Code   RO         4270    .ARM.Collect$$_printf_percent$$00000009  c_w.l(_printf_d.o)
    0x08000166   0x08000166   0x00000004   Code   RO         4303    .ARM.Collect$$_printf_percent$$00000017  c_w.l(_printf_percent_end.o)
    0x0800016a   0x0800016a   0x00000002   Code   RO         4338    .ARM.Collect$$libinit$$00000000  c_w.l(libinit.o)
    0x0800016c   0x0800016c   0x00000000   Code   RO         4351    .ARM.Collect$$libinit$$00000002  c_w.l(libinit2.o)
    0x0800016c   0x0800016c   0x00000000   Code   RO         4353    .ARM.Collect$$libinit$$00000004  c_w.l(libinit2.o)
    0x0800016c   0x0800016c   0x00000000   Code   RO         4356    .ARM.Collect$$libinit$$0000000A  c_w.l(libinit2.o)
    0x0800016c   0x0800016c   0x00000000   Code   RO         4358    .ARM.Collect$$libinit$$0000000C  c_w.l(libinit2.o)
    0x0800016c   0x0800016c   0x00000000   Code   RO         4360    .ARM.Collect$$libinit$$0000000E  c_w.l(libinit2.o)
    0x0800016c   0x0800016c   0x00000000   Code   RO         4363    .ARM.Collect$$libinit$$00000011  c_w.l(libinit2.o)
    0x0800016c   0x0800016c   0x00000000   Code   RO         4365    .ARM.Collect$$libinit$$00000013  c_w.l(libinit2.o)
    0x0800016c   0x0800016c   0x00000000   Code   RO         4367    .ARM.Collect$$libinit$$00000015  c_w.l(libinit2.o)
    0x0800016c   0x0800016c   0x00000000   Code   RO         4369    .ARM.Collect$$libinit$$00000017  c_w.l(libinit2.o)
    0x0800016c   0x0800016c   0x00000000   Code   RO         4371    .ARM.Collect$$libinit$$00000019  c_w.l(libinit2.o)
    0x0800016c   0x0800016c   0x00000000   Code   RO         4373    .ARM.Collect$$libinit$$0000001B  c_w.l(libinit2.o)
    0x0800016c   0x0800016c   0x00000000   Code   RO         4375    .ARM.Collect$$libinit$$0000001D  c_w.l(libinit2.o)
    0x0800016c   0x0800016c   0x00000000   Code   RO         4377    .ARM.Collect$$libinit$$0000001F  c_w.l(libinit2.o)
    0x0800016c   0x0800016c   0x00000000   Code   RO         4379    .ARM.Collect$$libinit$$00000021  c_w.l(libinit2.o)
    0x0800016c   0x0800016c   0x00000000   Code   RO         4381    .ARM.Collect$$libinit$$00000023  c_w.l(libinit2.o)
    0x0800016c   0x0800016c   0x00000000   Code   RO         4383    .ARM.Collect$$libinit$$00000025  c_w.l(libinit2.o)
    0x0800016c   0x0800016c   0x00000000   Code   RO         4387    .ARM.Collect$$libinit$$0000002C  c_w.l(libinit2.o)
    0x0800016c   0x0800016c   0x00000000   Code   RO         4389    .ARM.Collect$$libinit$$0000002E  c_w.l(libinit2.o)
    0x0800016c   0x0800016c   0x00000000   Code   RO         4391    .ARM.Collect$$libinit$$00000030  c_w.l(libinit2.o)
    0x0800016c   0x0800016c   0x00000000   Code   RO         4393    .ARM.Collect$$libinit$$00000032  c_w.l(libinit2.o)
    0x0800016c   0x0800016c   0x00000002   Code   RO         4394    .ARM.Collect$$libinit$$00000033  c_w.l(libinit2.o)
    0x0800016e   0x0800016e   0x00000002   Code   RO         4425    .ARM.Collect$$libshutdown$$00000000  c_w.l(libshutdown.o)
    0x08000170   0x08000170   0x00000000   Code   RO         4451    .ARM.Collect$$libshutdown$$00000002  c_w.l(libshutdown2.o)
    0x08000170   0x08000170   0x00000000   Code   RO         4453    .ARM.Collect$$libshutdown$$00000004  c_w.l(libshutdown2.o)
    0x08000170   0x08000170   0x00000000   Code   RO         4456    .ARM.Collect$$libshutdown$$00000007  c_w.l(libshutdown2.o)
    0x08000170   0x08000170   0x00000000   Code   RO         4459    .ARM.Collect$$libshutdown$$0000000A  c_w.l(libshutdown2.o)
    0x08000170   0x08000170   0x00000000   Code   RO         4461    .ARM.Collect$$libshutdown$$0000000C  c_w.l(libshutdown2.o)
    0x08000170   0x08000170   0x00000000   Code   RO         4464    .ARM.Collect$$libshutdown$$0000000F  c_w.l(libshutdown2.o)
    0x08000170   0x08000170   0x00000002   Code   RO         4465    .ARM.Collect$$libshutdown$$00000010  c_w.l(libshutdown2.o)
    0x08000172   0x08000172   0x00000000   Code   RO         4292    .ARM.Collect$$rtentry$$00000000  c_w.l(__rtentry.o)
    0x08000172   0x08000172   0x00000000   Code   RO         4307    .ARM.Collect$$rtentry$$00000002  c_w.l(__rtentry2.o)
    0x08000172   0x08000172   0x00000006   Code   RO         4319    .ARM.Collect$$rtentry$$00000004  c_w.l(__rtentry4.o)
    0x08000178   0x08000178   0x00000000   Code   RO         4309    .ARM.Collect$$rtentry$$00000009  c_w.l(__rtentry2.o)
    0x08000178   0x08000178   0x00000004   Code   RO         4310    .ARM.Collect$$rtentry$$0000000A  c_w.l(__rtentry2.o)
    0x0800017c   0x0800017c   0x00000000   Code   RO         4312    .ARM.Collect$$rtentry$$0000000C  c_w.l(__rtentry2.o)
    0x0800017c   0x0800017c   0x00000008   Code   RO         4313    .ARM.Collect$$rtentry$$0000000D  c_w.l(__rtentry2.o)
    0x08000184   0x08000184   0x00000002   Code   RO         4342    .ARM.Collect$$rtexit$$00000000  c_w.l(rtexit.o)
    0x08000186   0x08000186   0x00000000   Code   RO         4398    .ARM.Collect$$rtexit$$00000002  c_w.l(rtexit2.o)
    0x08000186   0x08000186   0x00000004   Code   RO         4399    .ARM.Collect$$rtexit$$00000003  c_w.l(rtexit2.o)
    0x0800018a   0x0800018a   0x00000006   Code   RO         4400    .ARM.Collect$$rtexit$$00000004  c_w.l(rtexit2.o)
    0x08000190   0x08000190   0x00000096   Code   RO         1438    .emb_text           port.o
    0x08000226   0x08000226   0x00000002   PAD
    0x08000228   0x08000228   0x00000040   Code   RO         4188    .text               startup_stm32f10x_md.o
    0x08000268   0x08000268   0x000000ee   Code   RO         4240    .text               c_w.l(lludivv7m.o)
    0x08000356   0x08000356   0x00000002   PAD
    0x08000358   0x08000358   0x00000028   Code   RO         4244    .text               c_w.l(noretval__2sprintf.o)
    0x08000380   0x08000380   0x00000068   Code   RO         4246    .text               c_w.l(__printf.o)
    0x080003e8   0x080003e8   0x00000078   Code   RO         4248    .text               c_w.l(_printf_dec.o)
    0x08000460   0x08000460   0x0000003e   Code   RO         4272    .text               c_w.l(strlen.o)
    0x0800049e   0x0800049e   0x00000096   Code   RO         4274    .text               c_w.l(strncmp.o)
    0x08000534   0x08000534   0x0000008a   Code   RO         4276    .text               c_w.l(rt_memcpy_v6.o)
    0x080005be   0x080005be   0x00000010   Code   RO         4280    .text               c_w.l(aeabi_memset.o)
    0x080005ce   0x080005ce   0x00000044   Code   RO         4282    .text               c_w.l(rt_memclr.o)
    0x08000612   0x08000612   0x0000004e   Code   RO         4284    .text               c_w.l(rt_memclr_w.o)
    0x08000660   0x08000660   0x00000056   Code   RO         4286    .text               c_w.l(strncpy.o)
    0x080006b6   0x080006b6   0x00000006   Code   RO         4288    .text               c_w.l(heapauxi.o)
    0x080006bc   0x080006bc   0x000000b2   Code   RO         4297    .text               c_w.l(_printf_intcommon.o)
    0x0800076e   0x0800076e   0x00000002   PAD
    0x08000770   0x08000770   0x00000030   Code   RO         4299    .text               c_w.l(_printf_char_common.o)
    0x080007a0   0x080007a0   0x0000000a   Code   RO         4301    .text               c_w.l(_sputc.o)
    0x080007aa   0x080007aa   0x00000064   Code   RO         4304    .text               c_w.l(rt_memcpy_w.o)
    0x0800080e   0x0800080e   0x0000004a   Code   RO         4325    .text               c_w.l(sys_stackheap_outer.o)
    0x08000858   0x08000858   0x00000012   Code   RO         4327    .text               c_w.l(exit.o)
    0x0800086a   0x0800086a   0x00000002   PAD
    0x0800086c   0x0800086c   0x00000008   Code   RO         4339    .text               c_w.l(libspace.o)
    0x08000874   0x08000874   0x0000000c   Code   RO         4395    .text               c_w.l(sys_exit.o)
    0x08000880   0x08000880   0x00000002   Code   RO         4414    .text               c_w.l(use_no_semi.o)
    0x08000882   0x08000882   0x00000000   Code   RO         4416    .text               c_w.l(indicate_semi.o)
    0x08000882   0x08000882   0x00000002   PAD
    0x08000884   0x08000884   0x00000040   Code   RO         1790    i.Buzzer_Init       buzzer.o
    0x080008c4   0x080008c4   0x0000001c   Code   RO         1791    i.Buzzer_Play       buzzer.o
    0x080008e0   0x080008e0   0x00000058   Code   RO         1792    i.Buzzer_Task       buzzer.o
    0x08000938   0x08000938   0x0000002c   Code   RO         1964    i.Delay             delay_1.o
    0x08000964   0x08000964   0x0000003c   Code   RO         1965    i.Delay_Init        delay_1.o
    0x080009a0   0x080009a0   0x00000018   Code   RO         1966    i.Delay_Ms          delay_1.o
    0x080009b8   0x080009b8   0x00000018   Code   RO         1967    i.Delay_Us          delay_1.o
    0x080009d0   0x080009d0   0x00000340   Code   RO         1930    i.Door_Task         door.o
    0x08000d10   0x08000d10   0x0000001c   Code   RO         1875    i.EXTI9_5_IRQHandler  power.o
    0x08000d2c   0x08000d2c   0x0000000c   Code   RO         2529    i.EXTI_ClearITPendingBit  stm32f10x_exti.o
    0x08000d38   0x08000d38   0x00000020   Code   RO         2533    i.EXTI_GetITStatus  stm32f10x_exti.o
    0x08000d58   0x08000d58   0x00000074   Code   RO         2534    i.EXTI_Init         stm32f10x_exti.o
    0x08000dcc   0x08000dcc   0x00000028   Code   RO         2783    i.GPIO_EXTILineConfig  stm32f10x_gpio_1.o
    0x08000df4   0x08000df4   0x000000a6   Code   RO         2786    i.GPIO_Init         stm32f10x_gpio_1.o
    0x08000e9a   0x08000e9a   0x0000000e   Code   RO         2790    i.GPIO_ReadInputDataBit  stm32f10x_gpio_1.o
    0x08000ea8   0x08000ea8   0x00000004   Code   RO         2793    i.GPIO_ResetBits    stm32f10x_gpio_1.o
    0x08000eac   0x08000eac   0x00000004   Code   RO         2794    i.GPIO_SetBits      stm32f10x_gpio_1.o
    0x08000eb0   0x08000eb0   0x0000004c   Code   RO         1518    i.I2C_InitSoft      i2c.o
    0x08000efc   0x08000efc   0x0000003c   Code   RO         1519    i.I2C_Start         i2c.o
    0x08000f38   0x08000f38   0x00000034   Code   RO         1520    i.I2C_Stop          i2c.o
    0x08000f6c   0x08000f6c   0x00000090   Code   RO         1521    i.I2C_WriteByteRaw  i2c.o
    0x08000ffc   0x08000ffc   0x00000048   Code   RO         1522    i.I2C_WriteByteTo   i2c.o
    0x08001044   0x08001044   0x000000b0   Code   RO         1705    i.Key_Init          key.o
    0x080010f4   0x080010f4   0x000000ac   Code   RO         1707    i.Key_Task          key.o
    0x080011a0   0x080011a0   0x00000018   Code   RO         1585    i.LCD_Backlight     i2c_lcd.o
    0x080011b8   0x080011b8   0x00000012   Code   RO         1586    i.LCD_Clear         i2c_lcd.o
    0x080011ca   0x080011ca   0x00000040   Code   RO         1588    i.LCD_Init          i2c_lcd.o
    0x0800120a   0x0800120a   0x00000014   Code   RO         1589    i.LCD_Print         i2c_lcd.o
    0x0800121e   0x0800121e   0x00000032   Code   RO         1590    i.LCD_PrintCenter   i2c_lcd.o
    0x08001250   0x08001250   0x00000018   Code   RO         1591    i.LCD_PrintNumber   i2c_lcd.o
    0x08001268   0x08001268   0x0000001a   Code   RO         1592    i.LCD_SendCmd       i2c_lcd.o
    0x08001282   0x08001282   0x0000001e   Code   RO         1593    i.LCD_SendData      i2c_lcd.o
    0x080012a0   0x080012a0   0x00000012   Code   RO         1594    i.LCD_SetCursor     i2c_lcd.o
    0x080012b2   0x080012b2   0x00000002   PAD
    0x080012b4   0x080012b4   0x00000028   Code   RO         1595    i.LCD_ShowCorrect   i2c_lcd.o
    0x080012dc   0x080012dc   0x00000054   Code   RO         1596    i.LCD_ShowCountdown  i2c_lcd.o
    0x08001330   0x08001330   0x00000050   Code   RO         1598    i.LCD_ShowWrongAttempts  i2c_lcd.o
    0x08001380   0x08001380   0x00000038   Code   RO         1599    i.LCD_Write4        i2c_lcd.o
    0x080013b8   0x080013b8   0x00000004   Code   RO         1600    i.LCD_WriteChar     i2c_lcd.o
    0x080013bc   0x080013bc   0x00000064   Code   RO         2162    i.NVIC_Init         misc_1.o
    0x08001420   0x08001420   0x00000014   Code   RO         2163    i.NVIC_PriorityGroupConfig  misc_1.o
    0x08001434   0x08001434   0x00000020   Code   RO         1844    i.Password_Check    password.o
    0x08001454   0x08001454   0x00000024   Code   RO         1845    i.Password_Init     password.o
    0x08001478   0x08001478   0x00000034   Code   RO         1846    i.Password_SetNew   password.o
    0x080014ac   0x080014ac   0x00000010   Code   RO         1876    i.Power_Reset_Timer  power.o
    0x080014bc   0x080014bc   0x00000010   Code   RO         1877    i.Power_UserActivity  power.o
    0x080014cc   0x080014cc   0x0000001c   Code   RO         2980    i.RCC_APB1PeriphClockCmd  stm32f10x_rcc_1.o
    0x080014e8   0x080014e8   0x0000001c   Code   RO         2982    i.RCC_APB2PeriphClockCmd  stm32f10x_rcc_1.o
    0x08001504   0x08001504   0x00000024   Code   RO         1524    i.SDA_Input         i2c.o
    0x08001528   0x08001528   0x00000024   Code   RO         1525    i.SDA_Output        i2c.o
    0x0800154c   0x0800154c   0x00000006   Code   RO         1748    i.Servo_Close       servo.o
    0x08001552   0x08001552   0x00000002   PAD
    0x08001554   0x08001554   0x00000094   Code   RO         1749    i.Servo_Init        servo.o
    0x080015e8   0x080015e8   0x00000006   Code   RO         1750    i.Servo_Open        servo.o
    0x080015ee   0x080015ee   0x00000016   Code   RO         1751    i.Servo_SetAngle    servo.o
    0x08001604   0x08001604   0x00000004   Code   RO         4195    i.SetSysClock       system_stm32f10x.o
    0x08001608   0x08001608   0x000000b0   Code   RO         4196    i.SetSysClockTo72   system_stm32f10x.o
    0x080016b8   0x080016b8   0x0000002c   Code   RO         1439    i.SysTick_Handler   port.o
    0x080016e4   0x080016e4   0x00000050   Code   RO         4198    i.SystemInit        system_stm32f10x.o
    0x08001734   0x08001734   0x00000018   Code   RO         3392    i.TIM_ARRPreloadConfig  stm32f10x_tim_1.o
    0x0800174c   0x0800174c   0x00000018   Code   RO         3404    i.TIM_Cmd           stm32f10x_tim_1.o
    0x08001764   0x08001764   0x00000088   Code   RO         3438    i.TIM_OC2Init       stm32f10x_tim_1.o
    0x080017ec   0x080017ec   0x00000014   Code   RO         3441    i.TIM_OC2PreloadConfig  stm32f10x_tim_1.o
    0x08001800   0x08001800   0x0000009c   Code   RO         3475    i.TIM_TimeBaseInit  stm32f10x_tim_1.o
    0x0800189c   0x0800189c   0x0000001e   Code   RO         1793    i.beep              buzzer.o
    0x080018ba   0x080018ba   0x00000002   PAD
    0x080018bc   0x080018bc   0x0000000c   Code   RO         1794    i.buzzer_off        buzzer.o
    0x080018c8   0x080018c8   0x0000000c   Code   RO         1795    i.buzzer_on         buzzer.o
    0x080018d4   0x080018d4   0x00000044   Code   RO         1931    i.door_display_idle  door.o
    0x08001918   0x08001918   0x00000078   Code   RO         1932    i.door_open_success  door.o
    0x08001990   0x08001990   0x000000b8   Code   RO            4    i.main              main.o
    0x08001a48   0x08001a48   0x00000084   Code   RO          775    i.prvAddCurrentTaskToDelayedList  tasks.o
    0x08001acc   0x08001acc   0x000000a8   Code   RO          776    i.prvAddNewTaskToReadyList  tasks.o
    0x08001b74   0x08001b74   0x00000050   Code   RO         1191    i.prvCheckForValidListAndQueue  timers.o
    0x08001bc4   0x08001bc4   0x0000003c   Code   RO          777    i.prvCheckTasksWaitingTermination  tasks.o
    0x08001c00   0x08001c00   0x00000028   Code   RO          368    i.prvCopyDataFromQueue  queue.o
    0x08001c28   0x08001c28   0x0000006e   Code   RO          369    i.prvCopyDataToQueue  queue.o
    0x08001c96   0x08001c96   0x00000002   PAD
    0x08001c98   0x08001c98   0x00000050   Code   RO          778    i.prvCreateIdleTasks  tasks.o
    0x08001ce8   0x08001ce8   0x0000005c   Code   RO          779    i.prvCreateTask     tasks.o
    0x08001d44   0x08001d44   0x00000014   Code   RO          780    i.prvDeleteTCB      tasks.o
    0x08001d58   0x08001d58   0x00000014   Code   RO          370    i.prvGetDisinheritPriorityAfterTimeout  queue.o
    0x08001d6c   0x08001d6c   0x00000024   Code   RO         1192    i.prvGetNextExpireTime  timers.o
    0x08001d90   0x08001d90   0x00000048   Code   RO         1371    i.prvHeapInit       heap_4.o
    0x08001dd8   0x08001dd8   0x00000028   Code   RO          781    i.prvIdleTask       tasks.o
    0x08001e00   0x08001e00   0x00000018   Code   RO          371    i.prvInitialiseMutex  queue.o
    0x08001e18   0x08001e18   0x00000022   Code   RO          372    i.prvInitialiseNewQueue  queue.o
    0x08001e3a   0x08001e3a   0x000000a2   Code   RO          782    i.prvInitialiseNewTask  tasks.o
    0x08001edc   0x08001edc   0x00000058   Code   RO          783    i.prvInitialiseTaskLists  tasks.o
    0x08001f34   0x08001f34   0x0000007c   Code   RO         1372    i.prvInsertBlockIntoFreeList  heap_4.o
    0x08001fb0   0x08001fb0   0x00000040   Code   RO         1194    i.prvInsertTimerInActiveList  timers.o
    0x08001ff0   0x08001ff0   0x0000001a   Code   RO          373    i.prvIsQueueEmpty   queue.o
    0x0800200a   0x0800200a   0x0000001e   Code   RO          374    i.prvIsQueueFull    queue.o
    0x08002028   0x08002028   0x00000040   Code   RO         1195    i.prvProcessExpiredTimer  timers.o
    0x08002068   0x08002068   0x000000ec   Code   RO         1196    i.prvProcessReceivedCommands  timers.o
    0x08002154   0x08002154   0x0000006c   Code   RO         1197    i.prvProcessTimerOrBlockTask  timers.o
    0x080021c0   0x080021c0   0x00000028   Code   RO         1198    i.prvReloadTimer    timers.o
    0x080021e8   0x080021e8   0x00000020   Code   RO          785    i.prvResetNextTaskUnblockTime  tasks.o
    0x08002208   0x08002208   0x0000002c   Code   RO         1199    i.prvSampleTimeNow  timers.o
    0x08002234   0x08002234   0x0000002c   Code   RO         1200    i.prvSwitchTimerLists  timers.o
    0x08002260   0x08002260   0x0000002c   Code   RO         1440    i.prvTaskExitError  port.o
    0x0800228c   0x0800228c   0x00000014   Code   RO         1201    i.prvTimerTask      timers.o
    0x080022a0   0x080022a0   0x0000006a   Code   RO          375    i.prvUnlockQueue    queue.o
    0x0800230a   0x0800230a   0x00000002   PAD
    0x0800230c   0x0800230c   0x00000144   Code   RO         1374    i.pvPortMalloc      heap_4.o
    0x08002450   0x08002450   0x00000014   Code   RO          789    i.pvTaskIncrementMutexHeldCount  tasks.o
    0x08002464   0x08002464   0x0000001c   Code   RO         1441    i.pxPortInitialiseStack  port.o
    0x08002480   0x08002480   0x00000024   Code   RO          328    i.uxListRemove      list.o
    0x080024a4   0x080024a4   0x00000016   Code   RO          329    i.vListInitialise   list.o
    0x080024ba   0x080024ba   0x00000006   Code   RO          330    i.vListInitialiseItem  list.o
    0x080024c0   0x080024c0   0x00000030   Code   RO          331    i.vListInsert       list.o
    0x080024f0   0x080024f0   0x00000040   Code   RO         1443    i.vPortEnterCritical  port.o
    0x08002530   0x08002530   0x0000002c   Code   RO         1444    i.vPortExitCritical  port.o
    0x0800255c   0x0800255c   0x00000088   Code   RO         1375    i.vPortFree         heap_4.o
    0x080025e4   0x080025e4   0x00000024   Code   RO         1445    i.vPortSetupTimerInterrupt  port.o
    0x08002608   0x08002608   0x00000002   Code   RO         1878    i.vPower_Init       power.o
    0x0800260a   0x0800260a   0x00000002   PAD
    0x0800260c   0x0800260c   0x0000002c   Code   RO         1879    i.vPower_Task       power.o
    0x08002638   0x08002638   0x0000004c   Code   RO          383    i.vQueueAddToRegistry  queue.o
    0x08002684   0x08002684   0x00000046   Code   RO          387    i.vQueueWaitForMessageRestricted  queue.o
    0x080026ca   0x080026ca   0x00000002   PAD
    0x080026cc   0x080026cc   0x0000010c   Code   RO         1880    i.vSystem_GoToSleep  power.o
    0x080027d8   0x080027d8   0x00000050   Code   RO          801    i.vTaskDelay        tasks.o
    0x08002828   0x08002828   0x00000010   Code   RO          806    i.vTaskInternalSetTimeOutState  tasks.o
    0x08002838   0x08002838   0x0000000c   Code   RO          807    i.vTaskMissedYield  tasks.o
    0x08002844   0x08002844   0x00000034   Code   RO          808    i.vTaskPlaceOnEventList  tasks.o
    0x08002878   0x08002878   0x00000054   Code   RO          809    i.vTaskPlaceOnEventListRestricted  tasks.o
    0x080028cc   0x080028cc   0x000000b4   Code   RO          811    i.vTaskPriorityDisinheritAfterTimeout  tasks.o
    0x08002980   0x08002980   0x00000054   Code   RO          819    i.vTaskStartScheduler  tasks.o
    0x080029d4   0x080029d4   0x00000010   Code   RO          821    i.vTaskSuspendAll   tasks.o
    0x080029e4   0x080029e4   0x0000006c   Code   RO          822    i.vTaskSwitchContext  tasks.o
    0x08002a50   0x08002a50   0x000000b4   Code   RO         1447    i.xPortStartScheduler  port.o
    0x08002b04   0x08002b04   0x00000018   Code   RO          389    i.xQueueCreateMutex  queue.o
    0x08002b1c   0x08002b1c   0x00000050   Code   RO          390    i.xQueueGenericCreate  queue.o
    0x08002b6c   0x08002b6c   0x000000b4   Code   RO          391    i.xQueueGenericReset  queue.o
    0x08002c20   0x08002c20   0x00000164   Code   RO          392    i.xQueueGenericSend  queue.o
    0x08002d84   0x08002d84   0x0000013c   Code   RO          400    i.xQueueReceive     queue.o
    0x08002ec0   0x08002ec0   0x00000164   Code   RO          402    i.xQueueSemaphoreTake  queue.o
    0x08003024   0x08003024   0x00000080   Code   RO          824    i.xTaskCheckForTimeOut  tasks.o
    0x080030a4   0x080030a4   0x0000001e   Code   RO          825    i.xTaskCreate       tasks.o
    0x080030c2   0x080030c2   0x00000002   PAD
    0x080030c4   0x080030c4   0x0000001c   Code   RO          833    i.xTaskGetSchedulerState  tasks.o
    0x080030e0   0x080030e0   0x0000000c   Code   RO          834    i.xTaskGetTickCount  tasks.o
    0x080030ec   0x080030ec   0x00000130   Code   RO          836    i.xTaskIncrementTick  tasks.o
    0x0800321c   0x0800321c   0x000000a4   Code   RO          837    i.xTaskPriorityDisinherit  tasks.o
    0x080032c0   0x080032c0   0x000000a4   Code   RO          838    i.xTaskPriorityInherit  tasks.o
    0x08003364   0x08003364   0x000000e0   Code   RO          839    i.xTaskRemoveFromEventList  tasks.o
    0x08003444   0x08003444   0x0000013c   Code   RO          840    i.xTaskResumeAll    tasks.o
    0x08003580   0x08003580   0x0000004c   Code   RO         1210    i.xTimerCreateTimerTask  timers.o
    0x080035cc   0x080035cc   0x00000010   Data   RO         1708    .constdata          key.o
    0x080035dc   0x080035dc   0x00000005   Data   RO         1848    .constdata          password.o
    0x080035e1   0x080035e1   0x00000003   PAD
    0x080035e4   0x080035e4   0x00000020   Data   RO         4466    Region$$Table       anon$$obj.o


    Execution Region RW_IRAM1 (Exec base: 0x20000000, Load base: 0x08003604, Size: 0x00002840, Max: 0x00005000, ABSOLUTE)

    Exec Addr    Load Addr    Size         Type   Attr      Idx    E Section Name        Object

    0x20000000   0x08003604   0x00000040   Data   RW          843    .data               tasks.o
    0x20000040   0x08003644   0x00000014   Data   RW         1219    .data               timers.o
    0x20000054   0x08003658   0x0000001c   Data   RW         1382    .data               heap_4.o
    0x20000070   0x08003674   0x0000000c   Data   RW         1448    .data               port.o
    0x2000007c   0x08003680   0x00000004   Data   RW         1526    .data               i2c.o
    0x20000080   0x08003684   0x00000001   Data   RW         1601    .data               i2c_lcd.o
    0x20000081   0x08003685   0x00000003   PAD
    0x20000084   0x08003688   0x00000004   Data   RW         1709    .data               key.o
    0x20000088   0x0800368c   0x00000004   Data   RW         1796    .data               buzzer.o
    0x2000008c   0x08003690   0x00000004   Data   RW         1881    .data               power.o
    0x20000090   0x08003694   0x00000014   Data   RW         4199    .data               system_stm32f10x.o
    0x200000a4        -       0x00000040   Zero   RW          404    .bss                queue.o
    0x200000e4        -       0x000000c8   Zero   RW          842    .bss                tasks.o
    0x200001ac        -       0x00000028   Zero   RW         1218    .bss                timers.o
    0x200001d4        -       0x00002000   Zero   RW         1381    .bss                heap_4.o
    0x200021d4        -       0x00000009   Zero   RW         1847    .bss                password.o
    0x200021dd   0x080036a8   0x00000003   PAD
    0x200021e0        -       0x00000060   Zero   RW         4340    .bss                c_w.l(libspace.o)
    0x20002240        -       0x00000200   Zero   RW         4186    HEAP                startup_stm32f10x_md.o
    0x20002440        -       0x00000400   Zero   RW         4185    STACK               startup_stm32f10x_md.o


==============================================================================

Image component sizes


      Code (inc. data)   RO Data    RW Data    ZI Data      Debug   Object Name

       234         26          0          4          0       3530   buzzer.o
       152         10          0          0          0       1919   delay_1.o
      1020        148          0          0          0       2964   door.o
         0          0          0          0          0      15380   event_groups.o
       656         50          0         28       8192       6611   heap_4.o
       476         40          0          4          0       3582   i2c.o
       538         90          0          1          0       7085   i2c_lcd.o
       348         24         16          4          0       2013   key.o
       112          0          0          0          0       3045   list.o
       184         50          0          0          0     254791   main.o
       120         14          0          0          0       1871   misc_1.o
       120         18          5          0          9       2236   password.o
       590         60          0         12          0      10564   port.o
       374         32          0          4          0       3006   power.o
      1848         22          0          0         64      20293   queue.o
       182          6          0          0          0       1797   servo.o
        64         26        236          0       1536        812   startup_stm32f10x_md.o
       160         16          0          0          0       2620   stm32f10x_exti.o
       228          6          0          0          0       4886   stm32f10x_gpio_1.o
        56         12          0          0          0       1330   stm32f10x_rcc_1.o
       360         50          0          0          0       4401   stm32f10x_tim_1.o
         0          0          0          0          0        392   stream_buffer.o
       260         26          0         20          0       2237   system_stm32f10x.o
      2896        202          0         64        200      36531   tasks.o
       812         86          0         20         40      25332   timers.o

    ----------------------------------------------------------------------
     11808       1014        292        164      10044     419228   Object Totals
         0          0         32          0          0          0   (incl. Generated)
        18          0          3          3          3          0   (incl. Padding)

    ----------------------------------------------------------------------

      Code (inc. data)   RO Data    RW Data    ZI Data      Debug   Library Member Name

         8          0          0          0          0         68   __main.o
       104          0          0          0          0         84   __printf.o
         0          0          0          0          0          0   __rtentry.o
        12          0          0          0          0          0   __rtentry2.o
         6          0          0          0          0          0   __rtentry4.o
        52          8          0          0          0          0   __scatter.o
        26          0          0          0          0          0   __scatter_copy.o
        28          0          0          0          0          0   __scatter_zi.o
        48          6          0          0          0         96   _printf_char_common.o
         6          0          0          0          0          0   _printf_d.o
       120         16          0          0          0         92   _printf_dec.o
       178          0          0          0          0         88   _printf_intcommon.o
         0          0          0          0          0          0   _printf_percent.o
         4          0          0          0          0          0   _printf_percent_end.o
        10          0          0          0          0         68   _sputc.o
        16          0          0          0          0         68   aeabi_memset.o
        18          0          0          0          0         80   exit.o
         6          0          0          0          0        152   heapauxi.o
         0          0          0          0          0          0   indicate_semi.o
         2          0          0          0          0          0   libinit.o
         2          0          0          0          0          0   libinit2.o
         2          0          0          0          0          0   libshutdown.o
         2          0          0          0          0          0   libshutdown2.o
         8          4          0          0         96         68   libspace.o
       238          0          0          0          0        100   lludivv7m.o
        40          6          0          0          0         84   noretval__2sprintf.o
        68          0          0          0          0         68   rt_memclr.o
        78          0          0          0          0         80   rt_memclr_w.o
       138          0          0          0          0         68   rt_memcpy_v6.o
       100          0          0          0          0         80   rt_memcpy_w.o
         2          0          0          0          0          0   rtexit.o
        10          0          0          0          0          0   rtexit2.o
        62          0          0          0          0         76   strlen.o
       150          0          0          0          0         80   strncmp.o
        86          0          0          0          0         76   strncpy.o
        12          4          0          0          0         68   sys_exit.o
        74          0          0          0          0         80   sys_stackheap_outer.o
         2          0          0          0          0         68   use_no_semi.o

    ----------------------------------------------------------------------
      1728         44          0          0         96       1792   Library Totals
        10          0          0          0          0          0   (incl. Padding)

    ----------------------------------------------------------------------

      Code (inc. data)   RO Data    RW Data    ZI Data      Debug   Library Name

      1718         44          0          0         96       1792   c_w.l

    ----------------------------------------------------------------------
      1728         44          0          0         96       1792   Library Totals

    ----------------------------------------------------------------------

==============================================================================


      Code (inc. data)   RO Data    RW Data    ZI Data      Debug   

     13536       1058        292        164      10140     412956   Grand Totals
     13536       1058        292        164      10140     412956   ELF Image Totals
     13536       1058        292        164          0          0   ROM Totals

==============================================================================

    Total RO  Size (Code + RO Data)                13828 (  13.50kB)
    Total RW  Size (RW Data + ZI Data)             10304 (  10.06kB)
    Total ROM Size (Code + RO Data + RW Data)      13992 (  13.66kB)

==============================================================================

